Component: ARM Compiler 5.05 update 1 (build 106) Tool: armlink [4d0efa]

==============================================================================

Section Cross References

    main.o(i.TIM3_IRQHandler) refers to _printf_percent.o(.ARM.Collect$$_printf_percent$$00000000) for _printf_percent
    main.o(i.TIM3_IRQHandler) refers to _printf_d.o(.ARM.Collect$$_printf_percent$$00000009) for _printf_d
    main.o(i.TIM3_IRQHandler) refers to _printf_dec.o(.text) for _printf_int_dec
    main.o(i.TIM3_IRQHandler) refers to _printf_s.o(.ARM.Collect$$_printf_percent$$00000014) for _printf_s
    main.o(i.TIM3_IRQHandler) refers to _printf_str.o(.text) for _printf_str
    main.o(i.TIM3_IRQHandler) refers to stm32f10x_tim.o(i.TIM_GetITStatus) for TIM_GetITStatus
    main.o(i.TIM3_IRQHandler) refers to stm32f10x_tim.o(i.TIM_ClearITPendingBit) for TIM_ClearITPendingBit
    main.o(i.TIM3_IRQHandler) refers to __2printf.o(.text) for __2printf
    main.o(i.TIM3_IRQHandler) refers to dht11.o(i.DHT11_Read_Data_2) for DHT11_Read_Data_2
    main.o(i.TIM3_IRQHandler) refers to ds18b20.o(i.DS18B20_Get_Temp) for DS18B20_Get_Temp
    main.o(i.TIM3_IRQHandler) refers to adc.o(i.Get_Adc_Average) for Get_Adc_Average
    main.o(i.TIM3_IRQHandler) refers to fflt_clz.o(x$fpl$ffltu) for __aeabi_ui2f
    main.o(i.TIM3_IRQHandler) refers to f2d.o(x$fpl$f2d) for __aeabi_f2d
    main.o(i.TIM3_IRQHandler) refers to dmul.o(x$fpl$dmul) for __aeabi_dmul
    main.o(i.TIM3_IRQHandler) refers to d2f.o(x$fpl$d2f) for __aeabi_d2f
    main.o(i.TIM3_IRQHandler) refers to ffixu.o(x$fpl$ffixu) for __aeabi_f2uiz
    main.o(i.TIM3_IRQHandler) refers to fmul.o(x$fpl$fmul) for __aeabi_fmul
    main.o(i.TIM3_IRQHandler) refers to faddsub_clz.o(x$fpl$fsub) for __aeabi_fsub
    main.o(i.TIM3_IRQHandler) refers to ddiv.o(x$fpl$ddiv) for __aeabi_ddiv
    main.o(i.TIM3_IRQHandler) refers to dfixu.o(x$fpl$dfixu) for __aeabi_d2uiz
    main.o(i.TIM3_IRQHandler) refers to rt_memcpy_v6.o(.text) for __aeabi_memcpy
    main.o(i.TIM3_IRQHandler) refers to stm32f10x_usart.o(i.USART_SendData) for USART_SendData
    main.o(i.TIM3_IRQHandler) refers to stm32f10x_usart.o(i.USART_GetFlagStatus) for USART_GetFlagStatus
    main.o(i.TIM3_IRQHandler) refers to __2sprintf.o(.text) for __2sprintf
    main.o(i.TIM3_IRQHandler) refers to usart3.o(.data) for desired
    main.o(i.TIM3_IRQHandler) refers to main.o(.bss) for data
    main.o(i.TIM3_IRQHandler) refers to main.o(.data) for count
    main.o(i.TIM3_IRQHandler) refers to main.o(.conststring) for .conststring
    main.o(i.TIM3_Int_Init) refers to stm32f10x_rcc.o(i.RCC_APB1PeriphClockCmd) for RCC_APB1PeriphClockCmd
    main.o(i.TIM3_Int_Init) refers to stm32f10x_tim.o(i.TIM_TimeBaseInit) for TIM_TimeBaseInit
    main.o(i.TIM3_Int_Init) refers to stm32f10x_tim.o(i.TIM_ITConfig) for TIM_ITConfig
    main.o(i.TIM3_Int_Init) refers to misc.o(i.NVIC_Init) for NVIC_Init
    main.o(i.TIM3_Int_Init) refers to stm32f10x_tim.o(i.TIM_Cmd) for TIM_Cmd
    main.o(i.main) refers to _printf_percent.o(.ARM.Collect$$_printf_percent$$00000000) for _printf_percent
    main.o(i.main) refers to _printf_d.o(.ARM.Collect$$_printf_percent$$00000009) for _printf_d
    main.o(i.main) refers to _printf_dec.o(.text) for _printf_int_dec
    main.o(i.main) refers to misc.o(i.NVIC_PriorityGroupConfig) for NVIC_PriorityGroupConfig
    main.o(i.main) refers to usart.o(i.uart_init) for uart_init
    main.o(i.main) refers to usart2.o(i.uart_init2) for uart_init2
    main.o(i.main) refers to usart3.o(i.usart3_init) for usart3_init
    main.o(i.main) refers to delay.o(i.delay_init) for delay_init
    main.o(i.main) refers to ws2811.o(i.WS_Init) for WS_Init
    main.o(i.main) refers to ws2811.o(i.change) for change
    main.o(i.main) refers to ws2811.o(i.WS_SetAll) for WS_SetAll
    main.o(i.main) refers to led.o(i.LED_Init) for LED_Init
    main.o(i.main) refers to adc.o(i.Adc_Init) for Adc_Init
    main.o(i.main) refers to dht11.o(i.DHT11_Init) for DHT11_Init
    main.o(i.main) refers to ds18b20.o(i.DS18B20_Init) for DS18B20_Init
    main.o(i.main) refers to rt_memclr.o(.text) for __aeabi_memclr
    main.o(i.main) refers to stmflash.o(i.STMFLASH_Read) for STMFLASH_Read
    main.o(i.main) refers to __2printf.o(.text) for __2printf
    main.o(i.main) refers to delay.o(i.delay_ms) for delay_ms
    main.o(i.main) refers to main.o(i.TIM3_Int_Init) for TIM3_Int_Init
    main.o(i.main) refers to ws2811.o(.data) for WsDat
    main.o(i.main) refers to main.o(.bss) for data
    system_stm32f10x.o(i.SetSysClock) refers to system_stm32f10x.o(i.SetSysClockTo72) for SetSysClockTo72
    system_stm32f10x.o(i.SystemCoreClockUpdate) refers to system_stm32f10x.o(.data) for SystemCoreClock
    system_stm32f10x.o(i.SystemInit) refers to system_stm32f10x.o(i.SetSysClock) for SetSysClock
    led.o(i.LED_Init) refers to stm32f10x_rcc.o(i.RCC_APB2PeriphClockCmd) for RCC_APB2PeriphClockCmd
    led.o(i.LED_Init) refers to stm32f10x_gpio.o(i.GPIO_PinRemapConfig) for GPIO_PinRemapConfig
[...]
    i.MemManage_Handler                      0x08002440   Section        0  stm32f10x_it.o(i.MemManage_Handler)
    i.NMI_Handler                            0x08002444   Section        0  stm32f10x_it.o(i.NMI_Handler)
    i.NVIC_Init                              0x08002448   Section        0  misc.o(i.NVIC_Init)
    i.NVIC_PriorityGroupConfig               0x080024b8   Section        0  misc.o(i.NVIC_PriorityGroupConfig)
    i.PendSV_Handler                         0x080024cc   Section        0  stm32f10x_it.o(i.PendSV_Handler)
    i.RCC_ADCCLKConfig                       0x080024d0   Section        0  stm32f10x_rcc.o(i.RCC_ADCCLKConfig)
    i.RCC_APB1PeriphClockCmd                 0x080024e8   Section        0  stm32f10x_rcc.o(i.RCC_APB1PeriphClockCmd)
    i.RCC_APB1PeriphResetCmd                 0x08002508   Section        0  stm32f10x_rcc.o(i.RCC_APB1PeriphResetCmd)
    i.RCC_APB2PeriphClockCmd                 0x08002528   Section        0  stm32f10x_rcc.o(i.RCC_APB2PeriphClockCmd)
    i.RCC_APB2PeriphResetCmd                 0x08002548   Section        0  stm32f10x_rcc.o(i.RCC_APB2PeriphResetCmd)
    i.RCC_GetClocksFreq                      0x08002568   Section        0  stm32f10x_rcc.o(i.RCC_GetClocksFreq)
    i.STMFLASH_Read                          0x0800263c   Section        0  stmflash.o(i.STMFLASH_Read)
    i.STMFLASH_ReadHalfWord                  0x0800265e   Section        0  stmflash.o(i.STMFLASH_ReadHalfWord)
    i.STMFLASH_Write                         0x08002664   Section        0  stmflash.o(i.STMFLASH_Write)
    i.STMFLASH_Write_NoCheck                 0x0800274c   Section        0  stmflash.o(i.STMFLASH_Write_NoCheck)
    i.SVC_Handler                            0x08002772   Section        0  stm32f10x_it.o(i.SVC_Handler)
    i.SetSysClock                            0x08002774   Section        0  system_stm32f10x.o(i.SetSysClock)
    SetSysClock                              0x08002775   Thumb Code     8  system_stm32f10x.o(i.SetSysClock)
    i.SetSysClockTo72                        0x0800277c   Section        0  system_stm32f10x.o(i.SetSysClockTo72)
    SetSysClockTo72                          0x0800277d   Thumb Code   214  system_stm32f10x.o(i.SetSysClockTo72)
    i.SysTick_CLKSourceConfig                0x0800285c   Section        0  misc.o(i.SysTick_CLKSourceConfig)
    i.SysTick_Handler                        0x08002884   Section        0  stm32f10x_it.o(i.SysTick_Handler)
    i.SystemInit                             0x08002888   Section        0  system_stm32f10x.o(i.SystemInit)
    i.TIM3_IRQHandler                        0x080028e8   Section        0  main.o(i.TIM3_IRQHandler)
    i.TIM3_Int_Init                          0x08002b08   Section        0  main.o(i.TIM3_Int_Init)
    i.TIM_ClearITPendingBit                  0x08002b68   Section        0  stm32f10x_tim.o(i.TIM_ClearITPendingBit)
    i.TIM_Cmd                                0x08002b6e   Section        0  stm32f10x_tim.o(i.TIM_Cmd)
    i.TIM_GetITStatus                        0x08002b86   Section        0  stm32f10x_tim.o(i.TIM_GetITStatus)
    i.TIM_ITConfig                           0x08002ba8   Section        0  stm32f10x_tim.o(i.TIM_ITConfig)
    i.TIM_TimeBaseInit                       0x08002bbc   Section        0  stm32f10x_tim.o(i.TIM_TimeBaseInit)
    i.TX0                                    0x08002c60   Section        0  ws2811.o(i.TX0)
    i.TX1                                    0x08002c84   Section        0  ws2811.o(i.TX1)
    i.USART1_IRQHandler                      0x08002ca8   Section        0  usart.o(i.USART1_IRQHandler)
    i.USART2_IRQHandler                      0x08002d30   Section        0  usart2.o(i.USART2_IRQHandler)
    i.USART3_IRQHandler                      0x08002dec   Section        0  usart3.o(i.USART3_IRQHandler)
    i.USART_ClearFlag                        0x08002ec0   Section        0  stm32f10x_usart.o(i.USART_ClearFlag)
    i.USART_Cmd                              0x08002ed2   Section        0  stm32f10x_usart.o(i.USART_Cmd)
    i.USART_DeInit                           0x08002eec   Section        0  stm32f10x_usart.o(i.USART_DeInit)
    i.USART_GetFlagStatus                    0x08002f88   Section        0  stm32f10x_usart.o(i.USART_GetFlagStatus)
    i.USART_GetITStatus                      0x08002fa2   Section        0  stm32f10x_usart.o(i.USART_GetITStatus)
    i.USART_ITConfig                         0x08002ff6   Section        0  stm32f10x_usart.o(i.USART_ITConfig)
    i.USART_Init                             0x08003040   Section        0  stm32f10x_usart.o(i.USART_Init)
    i.USART_ReceiveData                      0x08003118   Section        0  stm32f10x_usart.o(i.USART_ReceiveData)
    i.USART_SendData                         0x08003122   Section        0  stm32f10x_usart.o(i.USART_SendData)
    i.UsageFault_Handler                     0x0800312a   Section        0  stm32f10x_it.o(i.UsageFault_Handler)
    i.WS_Init                                0x08003130   Section        0  ws2811.o(i.WS_Init)
    i.WS_Reset                               0x0800315c   Section        0  ws2811.o(i.WS_Reset)
    i.WS_Set1                                0x08003184   Section        0  ws2811.o(i.WS_Set1)
    i.WS_SetAll                              0x080031ac   Section        0  ws2811.o(i.WS_SetAll)
    i.__ARM_fpclassify                       0x080031ca   Section        0  fpclassify.o(i.__ARM_fpclassify)
    i._is_digit                              0x080031f2   Section        0  __printf_wp.o(i._is_digit)
    i._sys_exit                              0x08003200   Section        0  usart2.o(i._sys_exit)
    i.change                                 0x08003208   Section        0  ws2811.o(i.change)
    i.delay05us                              0x08003240   Section        0  ws2811.o(i.delay05us)
    i.delay2us                               0x0800324e   Section        0  ws2811.o(i.delay2us)
    i.delay_init                             0x0800325c   Section        0  delay.o(i.delay_init)
    i.delay_ms                               0x080032a0   Section        0  delay.o(i.delay_ms)
    i.delay_us                               0x080032ec   Section        0  delay.o(i.delay_us)
    i.fputc                                  0x08003338   Section        0  usart2.o(i.fputc)
    i.main                                   0x08003354   Section        0  main.o(i.main)
    i.uart_init                              0x08003464   Section        0  usart.o(i.uart_init)
    i.uart_init2                             0x08003504   Section        0  usart2.o(i.uart_init2)
    i.usart3_init                            0x080035a8   Section        0  usart3.o(i.usart3_init)
    locale$$code                             0x0800366c   Section       44  lc_numeric_c.o(locale$$code)
    locale$$code                             0x08003698   Section       44  lc_ctype_c.o(locale$$code)
    x$fpl$d2f                                0x080036c4   Section       98  d2f.o(x$fpl$d2f)
    x$fpl$ddiv                               0x08003728   Section      688  ddiv.o(x$fpl$ddiv)
    ddiv_entry                               0x0800372f   Thumb Code     0  ddiv.o(x$fpl$ddiv)
    x$fpl$dfix                               0x080039d8   Section       94  dfix.o(x$fpl$dfix)
    x$fpl$dfixu                              0x08003a38   Section       90  dfixu.o(x$fpl$dfixu)
    x$fpl$dmul                               0x08003a94   Section      340  dmul.o(x$fpl$dmul)
    x$fpl$dnaninf                            0x08003be8   Section      156  dnaninf.o(x$fpl$dnaninf)
    x$fpl$dretinf                            0x08003c84   Section       12  dretinf.o(x$fpl$dretinf)
    x$fpl$f2d                                0x08003c90   Section       86  f2d.o(x$fpl$f2d)
    x$fpl$fadd                               0x08003ce8   Section      196  faddsub_clz.o(x$fpl$fadd)
    _fadd1                                   0x08003cf7   Thumb Code     0  faddsub_clz.o(x$fpl$fadd)
    x$fpl$ffixu                              0x08003dac   Section       62  ffixu.o(x$fpl$ffixu)
    x$fpl$fflt                               0x08003dec   Section       48  fflt_clz.o(x$fpl$fflt)
    x$fpl$ffltu                              0x08003e1c   Section       38  fflt_clz.o(x$fpl$ffltu)
    x$fpl$fmul                               0x08003e44   Section      258  fmul.o(x$fpl$fmul)
    x$fpl$fnaninf                            0x08003f46   Section      140  fnaninf.o(x$fpl$fnaninf)
    x$fpl$fretinf                            0x08003fd2   Section       10  fretinf.o(x$fpl$fretinf)
    x$fpl$fsub                               0x08003fdc   Section      234  faddsub_clz.o(x$fpl$fsub)
    _fsub1                                   0x08003feb   Thumb Code     0  faddsub_clz.o(x$fpl$fsub)
    x$fpl$printf1                            0x080040c6   Section        4  printf1.o(x$fpl$printf1)
    .constdata                               0x080040ca   Section       17  __printf_flags_ss_wp.o(.constdata)
    x$fpl$usenofp                            0x080040ca   Section        0  usenofp.o(x$fpl$usenofp)
    maptable                                 0x080040ca   Data          17  __printf_flags_ss_wp.o(.constdata)
    .constdata                               0x080040dc   Section        8  _printf_wctomb.o(.constdata)
    initial_mbstate                          0x080040dc   Data           8  _printf_wctomb.o(.constdata)
    .constdata                               0x080040e4   Section       40  _printf_hex_int_ll_ptr.o(.constdata)
    uc_hextab                                0x080040e4   Data          20  _printf_hex_int_ll_ptr.o(.constdata)
    lc_hextab                                0x080040f8   Data          20  _printf_hex_int_ll_ptr.o(.constdata)
    .constdata                               0x0800410c   Section      148  bigflt0.o(.constdata)
    tenpwrs_x                                0x0800410c   Data          60  bigflt0.o(.constdata)
    tenpwrs_i                                0x08004148   Data          64  bigflt0.o(.constdata)
    .conststring                             0x080041a0   Section       86  main.o(.conststring)
    locale$$data                             0x08004218   Section       28  lc_numeric_c.o(locale$$data)
    __lcnum_c_name                           0x0800421c   Data           2  lc_numeric_c.o(locale$$data)
    __lcnum_c_start                          0x08004224   Data           0  lc_numeric_c.o(locale$$data)
    __lcnum_c_point                          0x08004230   Data           0  lc_numeric_c.o(locale$$data)
    __lcnum_c_thousands                      0x08004232   Data           0  lc_numeric_c.o(locale$$data)
    __lcnum_c_grouping                       0x08004233   Data           0  lc_numeric_c.o(locale$$data)
    locale$$data                             0x08004234   Section      272  lc_ctype_c.o(locale$$data)
    __lcnum_c_end                            0x08004234   Data           0  lc_numeric_c.o(locale$$data)
    __lcctype_c_name                         0x08004238   Data           2  lc_ctype_c.o(locale$$data)
    __lcctype_c_start                        0x08004240   Data           0  lc_ctype_c.o(locale$$data)
    __lcctype_c_end                          0x08004344   Data           0  lc_ctype_c.o(locale$$data)
    .data                                    0x20000000   Section       12  main.o(.data)
    count                                    0x20000008   Data           4  main.o(.data)
    .data                                    0x2000000c   Section       20  system_stm32f10x.o(.data)
    .data                                    0x20000020   Section       12  usart3.o(.data)
    .data                                    0x2000002c   Section       32  ws2811.o(.data)
    .data                                    0x2000004c   Section        4  delay.o(.data)
    fac_us                                   0x2000004c   Data           1  delay.o(.data)
    fac_ms                                   0x2000004e   Data           2  delay.o(.data)
    .data                                    0x20000050   Section        2  usart.o(.data)
    .data                                    0x20000054   Section        6  usart2.o(.data)
    .data                                    0x2000005a   Section       20  stm32f10x_rcc.o(.data)
    APBAHBPrescTable                         0x2000005a   Data          16  stm32f10x_rcc.o(.data)
    ADCPrescTable                            0x2000006a   Data           4  stm32f10x_rcc.o(.data)
    .bss                                     0x20000070   Section      528  main.o(.bss)
    .bss                                     0x20000280   Section     4066  usart3.o(.bss)
    .bss                                     0x20001262   Section     2048  stmflash.o(.bss)
    .bss                                     0x20001a62   Section      200  usart.o(.bss)
    .bss                                     0x20001b2c   Section       96  libspace.o(.bss)
    HEAP                                     0x20001b90   Section      512  startup_stm32f10x_hd.o(HEAP)
    Heap_Mem                                 0x20001b90   Data         512  startup_stm32f10x_hd.o(HEAP)
    STACK                                    0x20001d90   Section     1024  startup_stm32f10x_hd.o(STACK)
    Stack_Mem                                0x20001d90   Data        1024  startup_stm32f10x_hd.o(STACK)
    __initial_sp                             0x20002190   Data           0  startup_stm32f10x_hd.o(STACK)

    Global Symbols

    Symbol Name                              Value     Ov Type        Size  Object(Section)

    BuildAttributes$$THM_ISAv4$P$D$K$B$S$PE$A:L22UL41UL21$X:L11$S22US41US21$IEEE1$IW$USESV6$~STKCKD$USESV7$~SHL$OTIME$ROPI$IEEEJ$EBA8$UX$STANDARDLIB$REQ8$PRES8$EABIv2 0x00000000   Number         0  anon$$obj.o ABSOLUTE
    __ARM_use_no_argv                        0x00000000   Number         0  main.o ABSOLUTE
    _printf_flags                            0x00000000   Number         0  printf_stubs.o ABSOLUTE
    _printf_return_value                     0x00000000   Number         0  printf_stubs.o ABSOLUTE
    _printf_sizespec                         0x00000000   Number         0  printf_stubs.o ABSOLUTE
    _printf_widthprec                        0x00000000   Number         0  printf_stubs.o ABSOLUTE
    __ARM_exceptions_init                     - Undefined Weak Reference
    __alloca_initialize                       - Undefined Weak Reference
    __arm_preinit_                            - Undefined Weak Reference
    __cpp_initialize__aeabi_                  - Undefined Weak Reference
    __cxa_finalize                            - Undefined Weak Reference
    __sigvec_lookup                           - Undefined Weak Reference
    _atexit_init                              - Undefined Weak Reference
    _call_atexit_fns                          - Undefined Weak Reference
    _clock_init                               - Undefined Weak Reference
    _fp_trap_init                             - Undefined Weak Reference
    _fp_trap_shutdown                         - Undefined Weak Reference
    _get_lc_collate                           - Undefined Weak Reference
    _get_lc_monetary                          - Undefined Weak Reference
    _get_lc_time                              - Undefined Weak Reference
    _getenv_init                              - Undefined Weak Reference
    _handle_redirection                       - Undefined Weak Reference
    _init_alloc                               - Undefined Weak Reference
    _init_user_alloc                          - Undefined Weak Reference
    _initio                                   - Undefined Weak Reference
    _mutex_acquire                            - Undefined Weak Reference
    _mutex_release                            - Undefined Weak Reference
    _printf_fp_hex                            - Undefined Weak Reference
    _printf_mbtowc                            - Undefined Weak Reference
    _printf_wc                                - Undefined Weak Reference
    _rand_init                                - Undefined Weak Reference
    _signal_finish                            - Undefined Weak Reference
    _signal_init                              - Undefined Weak Reference
    _terminate_alloc                          - Undefined Weak Reference
    _terminate_user_alloc                     - Undefined Weak Reference
    _terminateio                              - Undefined Weak Reference
    __Vectors_Size                           0x00000130   Number         0  startup_stm32f10x_hd.o ABSOLUTE
    __Vectors                                0x08000000   Data           4  startup_stm32f10x_hd.o(RESET)
    __Vectors_End                            0x08000130   Data           0  startup_stm32f10x_hd.o(RESET)
    __main                                   0x08000131   Thumb Code     8  __main.o(!!!main)
    __scatterload                            0x08000139   Thumb Code     0  __scatter.o(!!!scatter)
    __scatterload_rt2                        0x08000139   Thumb Code    44  __scatter.o(!!!scatter)
    __scatterload_rt2_thumb_only             0x08000139   Thumb Code     0  __scatter.o(!!!scatter)
    __scatterload_null                       0x08000147   Thumb Code     0  __scatter.o(!!!scatter)
    __scatterload_copy                       0x0800016d   Thumb Code    26  __scatter_copy.o(!!handler_copy)
    __scatterload_zeroinit                   0x08000189   Thumb Code    28  __scatter_zi.o(!!handler_zi)
    _printf_n                                0x080001a5   Thumb Code     0  _printf_n.o(.ARM.Collect$$_printf_percent$$00000001)
    _printf_percent                          0x080001a5   Thumb Code     0  _printf_percent.o(.ARM.Collect$$_printf_percent$$00000000)
    _printf_p                                0x080001ab   Thumb Code     0  _printf_p.o(.ARM.Collect$$_printf_percent$$00000002)
    _printf_f                                0x080001b1   Thumb Code     0  _printf_f.o(.ARM.Collect$$_printf_percent$$00000003)
    _printf_e                                0x080001b7   Thumb Code     0  _printf_e.o(.ARM.Collect$$_printf_percent$$00000004)
    _printf_g                                0x080001bd   Thumb Code     0  _printf_g.o(.ARM.Collect$$_printf_percent$$00000005)
    _printf_a                                0x080001c3   Thumb Code     0  _printf_a.o(.ARM.Collect$$_printf_percent$$00000006)
    _printf_ll                               0x080001c9   Thumb Code     0  _printf_ll.o(.ARM.Collect$$_printf_percent$$00000007)
    _printf_i                                0x080001d3   Thumb Code     0  _printf_i.o(.ARM.Collect$$_printf_percent$$00000008)
    _printf_d                                0x080001d9   Thumb Code     0  _printf_d.o(.ARM.Collect$$_printf_percent$$00000009)
    _printf_u                                0x080001df   Thumb Code     0  _printf_u.o(.ARM.Collect$$_printf_percent$$0000000A)
    _printf_o                                0x080001e5   Thumb Code     0  _printf_o.o(.ARM.Collect$$_printf_percent$$0000000B)
    _printf_x                                0x080001eb   Thumb Code     0  _printf_x.o(.ARM.Collect$$_printf_percent$$0000000C)
    _printf_lli                              0x080001f1   Thumb Code     0  _printf_lli.o(.ARM.Collect$$_printf_percent$$0000000D)
    _printf_lld                              0x080001f7   Thumb Code     0  _printf_lld.o(.ARM.Collect$$_printf_percent$$0000000E)
    _printf_llu                              0x080001fd   Thumb Code     0  _printf_llu.o(.ARM.Collect$$_printf_percent$$0000000F)
    _printf_llo                              0x08000203   Thumb Code     0  _printf_llo.o(.ARM.Collect$$_printf_percent$$00000010)
    _printf_llx                              0x08000209   Thumb Code     0  _printf_llx.o(.ARM.Collect$$_printf_percent$$00000011)
    _printf_l                                0x0800020f   Thumb Code     0  _printf_l.o(.ARM.Collect$$_printf_percent$$00000012)
    _printf_c                                0x08000219   Thumb Code     0  _printf_c.o(.ARM.Collect$$_printf_percent$$00000013)
    _printf_s                                0x0800021f   Thumb Code     0  _printf_s.o(.ARM.Collect$$_printf_percent$$00000014)
    _printf_lc                               0x08000225   Thumb Code     0  _printf_lc.o(.ARM.Collect$$_printf_percent$$00000015)
    _printf_ls                               0x0800022b   Thumb Code     0  _printf_ls.o(.ARM.Collect$$_printf_percent$$00000016)
    _printf_percent_end                      0x08000231   Thumb Code     0  _printf_percent_end.o(.ARM.Collect$$_printf_percent$$00000017)
    __rt_lib_init                            0x08000235   Thumb Code     0  libinit.o(.ARM.Collect$$libinit$$00000000)
    __rt_lib_init_fp_1                       0x08000237   Thumb Code     0  libinit2.o(.ARM.Collect$$libinit$$00000002)
    __rt_lib_init_heap_1                     0x08000237   Thumb Code     0  libinit2.o(.ARM.Collect$$libinit$$0000000A)
    __rt_lib_init_lc_common                  0x08000237   Thumb Code     0  libinit2.o(.ARM.Collect$$libinit$$0000000F)
    __rt_lib_init_preinit_1                  0x08000237   Thumb Code     0  libinit2.o(.ARM.Collect$$libinit$$00000004)
    __rt_lib_init_rand_1                     0x08000237   Thumb Code     0  libinit2.o(.ARM.Collect$$libinit$$0000000E)
    __rt_lib_init_user_alloc_1               0x08000237   Thumb Code     0  libinit2.o(.ARM.Collect$$libinit$$0000000C)
    __rt_lib_init_lc_collate_1               0x0800023d   Thumb Code     0  libinit2.o(.ARM.Collect$$libinit$$00000011)
    __rt_lib_init_lc_ctype_2                 0x0800023d   Thumb Code     0  libinit2.o(.ARM.Collect$$libinit$$00000012)
    __rt_lib_init_lc_ctype_1                 0x08000249   Thumb Code     0  libinit2.o(.ARM.Collect$$libinit$$00000013)
    __rt_lib_init_lc_monetary_1              0x08000249   Thumb Code     0  libinit2.o(.ARM.Collect$$libinit$$00000015)
    __rt_lib_init_lc_numeric_2               0x08000249   Thumb Code     0  libinit2.o(.ARM.Collect$$libinit$$00000016)
    __rt_lib_init_alloca_1                   0x08000253   Thumb Code     0  libinit2.o(.ARM.Collect$$libinit$$0000002E)
    __rt_lib_init_argv_1                     0x08000253   Thumb Code     0  libinit2.o(.ARM.Collect$$libinit$$0000002C)
    __rt_lib_init_atexit_1                   0x08000253   Thumb Code     0  libinit2.o(.ARM.Collect$$libinit$$0000001B)
    __rt_lib_init_clock_1                    0x08000253   Thumb Code     0  libinit2.o(.ARM.Collect$$libinit$$00000021)
    __rt_lib_init_cpp_1                      0x08000253   Thumb Code     0  libinit2.o(.ARM.Collect$$libinit$$00000032)
    __rt_lib_init_exceptions_1               0x08000253   Thumb Code     0  libinit2.o(.ARM.Collect$$libinit$$00000030)
    __rt_lib_init_fp_trap_1                  0x08000253   Thumb Code     0  libinit2.o(.ARM.Collect$$libinit$$0000001F)
    __rt_lib_init_getenv_1                   0x08000253   Thumb Code     0  libinit2.o(.ARM.Collect$$libinit$$00000023)
    __rt_lib_init_lc_numeric_1               0x08000253   Thumb Code     0  libinit2.o(.ARM.Collect$$libinit$$00000017)
    __rt_lib_init_lc_time_1                  0x08000253   Thumb Code     0  libinit2.o(.ARM.Collect$$libinit$$00000019)
    __rt_lib_init_return                     0x08000253   Thumb Code     0  libinit2.o(.ARM.Collect$$libinit$$00000033)
    __rt_lib_init_signal_1                   0x08000253   Thumb Code     0  libinit2.o(.ARM.Collect$$libinit$$0000001D)
    __rt_lib_init_stdio_1                    0x08000253   Thumb Code     0  libinit2.o(.ARM.Collect$$libinit$$00000025)
    __rt_lib_shutdown                        0x08000255   Thumb Code     0  libshutdown.o(.ARM.Collect$$libshutdown$$00000000)
    __rt_lib_shutdown_fp_trap_1              0x08000257   Thumb Code     0  libshutdown2.o(.ARM.Collect$$libshutdown$$00000006)
    __rt_lib_shutdown_heap_1                 0x08000257   Thumb Code     0  libshutdown2.o(.ARM.Collect$$libshutdown$$0000000E)
    __rt_lib_shutdown_return                 0x08000257   Thumb Code     0  libshutdown2.o(.ARM.Collect$$libshutdown$$0000000F)
    __rt_lib_shutdown_signal_1               0x08000257   Thumb Code     0  libshutdown2.o(.ARM.Collect$$libshutdown$$00000009)
    __rt_lib_shutdown_stdio_1                0x08000257   Thumb Code     0  libshutdown2.o(.ARM.Collect$$libshutdown$$00000003)
    __rt_lib_shutdown_user_alloc_1           0x08000257   Thumb Code     0  libshutdown2.o(.ARM.Collect$$libshutdown$$0000000B)
    __rt_entry                               0x08000259   Thumb Code     0  __rtentry.o(.ARM.Collect$$rtentry$$00000000)
    __rt_entry_presh_1                       0x08000259   Thumb Code     0  __rtentry2.o(.ARM.Collect$$rtentry$$00000002)
    __rt_entry_sh                            0x08000259   Thumb Code     0  __rtentry4.o(.ARM.Collect$$rtentry$$00000004)
    __rt_entry_li                            0x0800025f   Thumb Code     0  __rtentry2.o(.ARM.Collect$$rtentry$$0000000A)
    __rt_entry_postsh_1                      0x0800025f   Thumb Code     0  __rtentry2.o(.ARM.Collect$$rtentry$$00000009)
    __rt_entry_main                          0x08000263   Thumb Code     0  __rtentry2.o(.ARM.Collect$$rtentry$$0000000D)
    __rt_entry_postli_1                      0x08000263   Thumb Code     0  __rtentry2.o(.ARM.Collect$$rtentry$$0000000C)
    __rt_exit                                0x0800026b   Thumb Code     0  rtexit.o(.ARM.Collect$$rtexit$$00000000)
    __rt_exit_ls                             0x0800026d   Thumb Code     0  rtexit2.o(.ARM.Collect$$rtexit$$00000003)
    __rt_exit_prels_1                        0x0800026d   Thumb Code     0  rtexit2.o(.ARM.Collect$$rtexit$$00000002)
    __rt_exit_exit                           0x08000271   Thumb Code     0  rtexit2.o(.ARM.Collect$$rtexit$$00000004)
    Reset_Handler                            0x08000279   Thumb Code     8  startup_stm32f10x_hd.o(.text)
    ADC1_2_IRQHandler                        0x08000293   Thumb Code     0  startup_stm32f10x_hd.o(.text)
    ADC3_IRQHandler                          0x08000293   Thumb Code     0  startup_stm32f10x_hd.o(.text)
    CAN1_RX1_IRQHandler                      0x08000293   Thumb Code     0  startup_stm32f10x_hd.o(.text)
    CAN1_SCE_IRQHandler                      0x08000293   Thumb Code     0  startup_stm32f10x_hd.o(.text)
    DMA1_Channel1_IRQHandler                 0x08000293   Thumb Code     0  startup_stm32f10x_hd.o(.text)
    DMA1_Channel2_IRQHandler                 0x08000293   Thumb Code     0  startup_stm32f10x_hd.o(.text)
    DMA1_Channel3_IRQHandler                 0x08000293   Thumb Code     0  startup_stm32f10x_hd.o(.text)
    DMA1_Channel4_IRQHandler                 0x08000293   Thumb Code     0  startup_stm32f10x_hd.o(.text)
    DMA1_Channel5_IRQHandler                 0x08000293   Thumb Code     0  startup_stm32f10x_hd.o(.text)
    DMA1_Channel6_IRQHandler                 0x08000293   Thumb Code     0  startup_stm32f10x_hd.o(.text)
    DMA1_Channel7_IRQHandler                 0x08000293   Thumb Code     0  startup_stm32f10x_hd.o(.text)
    DMA2_Channel1_IRQHandler                 0x08000293   Thumb Code     0  startup_stm32f10x_hd.o(.text)
    DMA2_Channel2_IRQHandler                 0x08000293   Thumb Code     0  startup_stm32f10x_hd.o(.text)
    DMA2_Channel3_IRQHandler                 0x08000293   Thumb Code     0  startup_stm32f10x_hd.o(.text)
    DMA2_Channel4_5_IRQHandler               0x08000293   Thumb Code     0  startup_stm32f10x_hd.o(.text)
    EXTI0_IRQHandler                         0x08000293   Thumb Code     0  startup_stm32f10x_hd.o(.text)
    EXTI15_10_IRQHandler                     0x08000293   Thumb Code     0  startup_stm32f10x_hd.o(.text)
    EXTI1_IRQHandler                         0x08000293   Thumb Code     0  startup_stm32f10x_hd.o(.text)
    EXTI2_IRQHandler                         0x08000293   Thumb Code     0  startup_stm32f10x_hd.o(.text)
    EXTI3_IRQHandler                         0x08000293   Thumb Code     0  startup_stm32f10x_hd.o(.text)
    EXTI4_IRQHandler                         0x08000293   Thumb Code     0  startup_stm32f10x_hd.o(.text)
    EXTI9_5_IRQHandler                       0x08000293   Thumb Code     0  startup_stm32f10x_hd.o(.text)
    FLASH_IRQHandler                         0x08000293   Thumb Code     0  startup_stm32f10x_hd.o(.text)
    FSMC_IRQHandler                          0x08000293   Thumb Code     0  startup_stm32f10x_hd.o(.text)
    I2C1_ER_IRQHandler                       0x08000293   Thumb Code     0  startup_stm32f10x_hd.o(.text)
    I2C1_EV_IRQHandler                       0x08000293   Thumb Code     0  startup_stm32f10x_hd.o(.text)
    I2C2_ER_IRQHandler                       0x08000293   Thumb Code     0  startup_stm32f10x_hd.o(.text)
    I2C2_EV_IRQHandler                       0x08000293   Thumb Code     0  startup_stm32f10x_hd.o(.text)
    PVD_IRQHandler                           0x08000293   Thumb Code     0  startup_stm32f10x_hd.o(.text)
    RCC_IRQHandler                           0x08000293   Thumb Code     0  startup_stm32f10x_hd.o(.text)
    RTCAlarm_IRQHandler                      0x08000293   Thumb Code     0  startup_stm32f10x_hd.o(.text)
    RTC_IRQHandler                           0x08000293   Thumb Code     0  startup_stm32f10x_hd.o(.text)
    SDIO_IRQHandler                          0x08000293   Thumb Code     0  startup_stm32f10x_hd.o(.text)
    SPI1_IRQHandler                          0x08000293   Thumb Code     0  startup_stm32f10x_hd.o(.text)
    SPI2_IRQHandler                          0x08000293   Thumb Code     0  startup_stm32f10x_hd.o(.text)
    SPI3_IRQHandler                          0x08000293   Thumb Code     0  startup_stm32f10x_hd.o(.text)
    TAMPER_IRQHandler                        0x08000293   Thumb Code     0  startup_stm32f10x_hd.o(.text)
    TIM1_BRK_IRQHandler                      0x08000293   Thumb Code     0  startup_stm32f10x_hd.o(.text)
    TIM1_CC_IRQHandler                       0x08000293   Thumb Code     0  startup_stm32f10x_hd.o(.text)
    TIM1_TRG_COM_IRQHandler                  0x08000293   Thumb Code     0  startup_stm32f10x_hd.o(.text)
    TIM1_UP_IRQHandler                       0x08000293   Thumb Code     0  startup_stm32f10x_hd.o(.text)
    TIM2_IRQHandler                          0x08000293   Thumb Code     0  startup_stm32f10x_hd.o(.text)
    TIM4_IRQHandler                          0x08000293   Thumb Code     0  startup_stm32f10x_hd.o(.text)
    TIM5_IRQHandler                          0x08000293   Thumb Code     0  startup_stm32f10x_hd.o(.text)
    TIM6_IRQHandler                          0x08000293   Thumb Code     0  startup_stm32f10x_hd.o(.text)
    TIM7_IRQHandler                          0x08000293   Thumb Code     0  startup_stm32f10x_hd.o(.text)
    TIM8_BRK_IRQHandler                      0x08000293   Thumb Code     0  startup_stm32f10x_hd.o(.text)
    TIM8_CC_IRQHandler                       0x08000293   Thumb Code     0  startup_stm32f10x_hd.o(.text)
    TIM8_TRG_COM_IRQHandler                  0x08000293   Thumb Code     0  startup_stm32f10x_hd.o(.text)
    TIM8_UP_IRQHandler                       0x08000293   Thumb Code     0  startup_stm32f10x_hd.o(.text)
    UART4_IRQHandler                         0x08000293   Thumb Code     0  startup_stm32f10x_hd.o(.text)
    UART5_IRQHandler                         0x08000293   Thumb Code     0  startup_stm32f10x_hd.o(.text)
    USBWakeUp_IRQHandler                     0x08000293   Thumb Code     0  startup_stm32f10x_hd.o(.text)
    USB_HP_CAN1_TX_IRQHandler                0x08000293   Thumb Code     0  startup_stm32f10x_hd.o(.text)
    USB_LP_CAN1_RX0_IRQHandler               0x08000293   Thumb Code     0  startup_stm32f10x_hd.o(.text)
    WWDG_IRQHandler                          0x08000293   Thumb Code     0  startup_stm32f10x_hd.o(.text)
    __user_initial_stackheap                 0x08000295   Thumb Code     0  startup_stm32f10x_hd.o(.text)
    __use_no_semihosting                     0x080002b9   Thumb Code     2  use_no_semi_2.o(.text)
    __c89printf                              0x080002bd   Thumb Code    20  c89printf.o(.text)
    __2printf                                0x080002d5   Thumb Code    20  __2printf.o(.text)
    __2sprintf                               0x080002ed   Thumb Code    38  __2sprintf.o(.text)
    _printf_str                              0x08000319   Thumb Code    82  _printf_str.o(.text)
    _printf_int_dec                          0x0800036d   Thumb Code   104  _printf_dec.o(.text)
    __printf                                 0x080003e5   Thumb Code   388  __printf_flags_ss_wp.o(.text)
    __aeabi_memcpy                           0x0800056d   Thumb Code     0  rt_memcpy_v6.o(.text)
    __rt_memcpy                              0x0800056d   Thumb Code   138  rt_memcpy_v6.o(.text)
    _memcpy_lastbytes                        0x080005d3   Thumb Code     0  rt_memcpy_v6.o(.text)
    __aeabi_memclr                           0x080005f7   Thumb Code     0  rt_memclr.o(.text)
    __rt_memclr                              0x080005f7   Thumb Code    68  rt_memclr.o(.text)
    _memset                                  0x080005fb   Thumb Code     0  rt_memclr.o(.text)
    __use_two_region_memory                  0x0800063b   Thumb Code     2  heapauxi.o(.text)
    __rt_heap_escrow$2region                 0x0800063d   Thumb Code     2  heapauxi.o(.text)
    __rt_heap_expand$2region                 0x0800063f   Thumb Code     2  heapauxi.o(.text)
    __I$use$semihosting                      0x08000641   Thumb Code     0  use_no_semi.o(.text)
    __use_no_semihosting_swi                 0x08000641   Thumb Code     2  use_no_semi.o(.text)
    _printf_pre_padding                      0x08000643   Thumb Code    44  _printf_pad.o(.text)
    _printf_post_padding                     0x0800066f   Thumb Code    34  _printf_pad.o(.text)
    _printf_truncate_signed                  0x08000691   Thumb Code    18  _printf_truncate.o(.text)
    _printf_truncate_unsigned                0x080006a3   Thumb Code    18  _printf_truncate.o(.text)
    _printf_int_common                       0x080006b5   Thumb Code   178  _printf_intcommon.o(.text)
    _printf_charcount                        0x08000767   Thumb Code    40  _printf_charcount.o(.text)
    _printf_char_common                      0x0800079b   Thumb Code    32  _printf_char_common.o(.text)
    _sputc                                   0x080007c1   Thumb Code    10  _sputc.o(.text)
    _printf_cs_common                        0x080007cb   Thumb Code    20  _printf_char.o(.text)
    _printf_char                             0x080007df   Thumb Code    16  _printf_char.o(.text)
    _printf_string                           0x080007ef   Thumb Code     8  _printf_char.o(.text)
    _printf_char_file                        0x080007f9   Thumb Code    32  _printf_char_file.o(.text)
    _printf_wctomb                           0x0800081d   Thumb Code   182  _printf_wctomb.o(.text)
    _printf_longlong_dec                     0x080008d9   Thumb Code   108  _printf_longlong_dec.o(.text)
    _printf_longlong_oct                     0x08000955   Thumb Code    68  _printf_oct_int_ll.o(.text)
    _printf_int_oct                          0x08000999   Thumb Code    24  _printf_oct_int_ll.o(.text)
    _printf_ll_oct                           0x080009b1   Thumb Code    12  _printf_oct_int_ll.o(.text)
    _printf_longlong_hex                     0x080009c5   Thumb Code    86  _printf_hex_int_ll_ptr.o(.text)
    _printf_int_hex                          0x08000a1b   Thumb Code    28  _printf_hex_int_ll_ptr.o(.text)
    _printf_ll_hex                           0x08000a37   Thumb Code    12  _printf_hex_int_ll_ptr.o(.text)
    _printf_hex_ptr                          0x08000a43   Thumb Code    18  _printf_hex_int_ll_ptr.o(.text)
    __aeabi_memcpy4                          0x08000a59   Thumb Code     0  rt_memcpy_w.o(.text)
    __aeabi_memcpy8                          0x08000a59   Thumb Code     0  rt_memcpy_w.o(.text)
    __rt_memcpy_w                            0x08000a59   Thumb Code   100  rt_memcpy_w.o(.text)
    _memcpy_lastbytes_aligned                0x08000aa1   Thumb Code     0  rt_memcpy_w.o(.text)
    __aeabi_memclr4                          0x08000abd   Thumb Code     0  rt_memclr_w.o(.text)
    __aeabi_memclr8                          0x08000abd   Thumb Code     0  rt_memclr_w.o(.text)
    __rt_memclr_w                            0x08000abd   Thumb Code    78  rt_memclr_w.o(.text)
    _memset_w                                0x08000ac1   Thumb Code     0  rt_memclr_w.o(.text)
    _ll_udiv10                               0x08000b0b   Thumb Code   138  lludiv10.o(.text)
    __lib_sel_fp_printf                      0x08000b95   Thumb Code     2  _printf_fp_dec.o(.text)
    _printf_fp_dec_real                      0x08000d43   Thumb Code   620  _printf_fp_dec.o(.text)
    _printf_lcs_common                       0x08000faf   Thumb Code    20  _printf_wchar.o(.text)
    _printf_wchar                            0x08000fc3   Thumb Code    16  _printf_wchar.o(.text)
    _printf_wstring                          0x08000fd3   Thumb Code     8  _printf_wchar.o(.text)
    ferror                                   0x08000fdb   Thumb Code     8  ferror.o(.text)
    _wcrtomb                                 0x08000fe3   Thumb Code    64  _wcrtomb.o(.text)
    __user_setup_stackheap                   0x08001023   Thumb Code    74  sys_stackheap_outer.o(.text)
    __rt_ctype_table                         0x0800106d   Thumb Code    16  rt_ctype_table.o(.text)
    __rt_locale                              0x0800107d   Thumb Code     8  rt_locale_intlibspace.o(.text)
    _printf_fp_infnan                        0x08001085   Thumb Code   112  _printf_fp_infnan.o(.text)
    _btod_etento                             0x08001105   Thumb Code   216  bigflt0.o(.text)
    exit                                     0x080011e1   Thumb Code    12  exit.o(.text)
    __user_libspace                          0x080011ed   Thumb Code     8  libspace.o(.text)
    __user_perproc_libspace                  0x080011ed   Thumb Code     0  libspace.o(.text)
    __user_perthread_libspace                0x080011ed   Thumb Code     0  libspace.o(.text)
    strcmp                                   0x080011f5   Thumb Code   128  strcmpv7m.o(.text)
    _btod_d2e                                0x08001275   Thumb Code    62  btod.o(CL$$btod_d2e)
    _d2e_denorm_low                          0x080012b3   Thumb Code    70  btod.o(CL$$btod_d2e_denorm_low)
    _d2e_norm_op1                            0x080012f9   Thumb Code    96  btod.o(CL$$btod_d2e_norm_op1)
    __btod_div_common                        0x08001359   Thumb Code   696  btod.o(CL$$btod_div_common)
    _e2e                                     0x08001691   Thumb Code   198  btod.o(CL$$btod_e2e)
    _btod_ediv                               0x08001757   Thumb Code    40  btod.o(CL$$btod_ediv)
    _btod_emul                               0x0800177f   Thumb Code    40  btod.o(CL$$btod_emul)
    __btod_mult_common                       0x080017a7   Thumb Code   580  btod.o(CL$$btod_mult_common)
    ADC_Cmd                                  0x080019eb   Thumb Code    22  stm32f10x_adc.o(i.ADC_Cmd)
    ADC_DeInit                               0x08001a01   Thumb Code    78  stm32f10x_adc.o(i.ADC_DeInit)
    ADC_GetCalibrationStatus                 0x08001a5d   Thumb Code    20  stm32f10x_adc.o(i.ADC_GetCalibrationStatus)
    ADC_GetConversionValue                   0x08001a71   Thumb Code     8  stm32f10x_adc.o(i.ADC_GetConversionValue)
    ADC_GetFlagStatus                        0x08001a79   Thumb Code    18  stm32f10x_adc.o(i.ADC_GetFlagStatus)
    ADC_GetResetCalibrationStatus            0x08001a8b   Thumb Code    20  stm32f10x_adc.o(i.ADC_GetResetCalibrationStatus)
    ADC_Init                                 0x08001aa1   Thumb Code    70  stm32f10x_adc.o(i.ADC_Init)
    ADC_RegularChannelConfig                 0x08001af1   Thumb Code   184  stm32f10x_adc.o(i.ADC_RegularChannelConfig)
    ADC_ResetCalibration                     0x08001ba9   Thumb Code    10  stm32f10x_adc.o(i.ADC_ResetCalibration)
    ADC_SoftwareStartConvCmd                 0x08001bb3   Thumb Code    22  stm32f10x_adc.o(i.ADC_SoftwareStartConvCmd)
    ADC_StartCalibration                     0x08001bc9   Thumb Code    10  stm32f10x_adc.o(i.ADC_StartCalibration)
    Adc_Init                                 0x08001bd5   Thumb Code   132  adc.o(i.Adc_Init)
    BusFault_Handler                         0x08001c61   Thumb Code     4  stm32f10x_it.o(i.BusFault_Handler)
    DHT11_Check                              0x08001c65   Thumb Code    92  dht11.o(i.DHT11_Check)
    DHT11_Init                               0x08001cc9   Thumb Code    54  dht11.o(i.DHT11_Init)
    DHT11_Read_Bit                           0x08001d05   Thumb Code    70  dht11.o(i.DHT11_Read_Bit)
    DHT11_Read_Byte                          0x08001d51   Thumb Code    30  dht11.o(i.DHT11_Read_Byte)
    DHT11_Read_Data_2                        0x08001d6f   Thumb Code    64  dht11.o(i.DHT11_Read_Data_2)
    DHT11_Rst                                0x08001db1   Thumb Code    52  dht11.o(i.DHT11_Rst)
    DS18B20_Check                            0x08001df1   Thumb Code    92  ds18b20.o(i.DS18B20_Check)
    DS18B20_Get_Temp                         0x08001e55   Thumb Code   136  ds18b20.o(i.DS18B20_Get_Temp)
    DS18B20_Init                             0x08001ee1   Thumb Code    54  ds18b20.o(i.DS18B20_Init)
    DS18B20_Read_Bit                         0x08001f1d   Thumb Code    96  ds18b20.o(i.DS18B20_Read_Bit)
    DS18B20_Read_Byte                        0x08001f89   Thumb Code    34  ds18b20.o(i.DS18B20_Read_Byte)
    DS18B20_Rst                              0x08001fad   Thumb Code    54  ds18b20.o(i.DS18B20_Rst)
    DS18B20_Start                            0x08001ff1   Thumb Code    24  ds18b20.o(i.DS18B20_Start)
    DS18B20_Write_Byte                       0x08002009   Thumb Code   102  ds18b20.o(i.DS18B20_Write_Byte)
    DebugMon_Handler                         0x0800207d   Thumb Code     2  stm32f10x_it.o(i.DebugMon_Handler)
    FLASH_ErasePage                          0x08002081   Thumb Code    72  stm32f10x_flash.o(i.FLASH_ErasePage)
    FLASH_GetBank1Status                     0x080020cd   Thumb Code    48  stm32f10x_flash.o(i.FLASH_GetBank1Status)
    FLASH_Lock                               0x08002101   Thumb Code    14  stm32f10x_flash.o(i.FLASH_Lock)
    FLASH_ProgramHalfWord                    0x08002115   Thumb Code    60  stm32f10x_flash.o(i.FLASH_ProgramHalfWord)
    FLASH_Unlock                             0x08002155   Thumb Code    12  stm32f10x_flash.o(i.FLASH_Unlock)
    FLASH_WaitForLastOperation               0x0800216d   Thumb Code    38  stm32f10x_flash.o(i.FLASH_WaitForLastOperation)
    GPIO_Init                                0x08002193   Thumb Code   278  stm32f10x_gpio.o(i.GPIO_Init)
    GPIO_PinRemapConfig                      0x080022a9   Thumb Code   138  stm32f10x_gpio.o(i.GPIO_PinRemapConfig)
    GPIO_SetBits                             0x08002339   Thumb Code     4  stm32f10x_gpio.o(i.GPIO_SetBits)
    Get_Adc                                  0x0800233d   Thumb Code    46  adc.o(i.Get_Adc)
    Get_Adc_Average                          0x08002371   Thumb Code    46  adc.o(i.Get_Adc_Average)
    HardFault_Handler                        0x0800239f   Thumb Code     4  stm32f10x_it.o(i.HardFault_Handler)
    LED_Init                                 0x080023a5   Thumb Code   142  led.o(i.LED_Init)
    MemManage_Handler                        0x08002441   Thumb Code     4  stm32f10x_it.o(i.MemManage_Handler)
    NMI_Handler                              0x08002445   Thumb Code     2  stm32f10x_it.o(i.NMI_Handler)
    NVIC_Init                                0x08002449   Thumb Code   100  misc.o(i.NVIC_Init)
    NVIC_PriorityGroupConfig                 0x080024b9   Thumb Code    10  misc.o(i.NVIC_PriorityGroupConfig)
    PendSV_Handler                           0x080024cd   Thumb Code     2  stm32f10x_it.o(i.PendSV_Handler)
    RCC_ADCCLKConfig                         0x080024d1   Thumb Code    18  stm32f10x_rcc.o(i.RCC_ADCCLKConfig)
    RCC_APB1PeriphClockCmd                   0x080024e9   Thumb Code    26  stm32f10x_rcc.o(i.RCC_APB1PeriphClockCmd)
    RCC_APB1PeriphResetCmd                   0x08002509   Thumb Code    26  stm32f10x_rcc.o(i.RCC_APB1PeriphResetCmd)
    RCC_APB2PeriphClockCmd                   0x08002529   Thumb Code    26  stm32f10x_rcc.o(i.RCC_APB2PeriphClockCmd)
    RCC_APB2PeriphResetCmd                   0x08002549   Thumb Code    26  stm32f10x_rcc.o(i.RCC_APB2PeriphResetCmd)
    RCC_GetClocksFreq                        0x08002569   Thumb Code   192  stm32f10x_rcc.o(i.RCC_GetClocksFreq)
    STMFLASH_Read                            0x0800263d   Thumb Code    34  stmflash.o(i.STMFLASH_Read)
    STMFLASH_ReadHalfWord                    0x0800265f   Thumb Code     6  stmflash.o(i.STMFLASH_ReadHalfWord)
    STMFLASH_Write                           0x08002665   Thumb Code   222  stmflash.o(i.STMFLASH_Write)
    STMFLASH_Write_NoCheck                   0x0800274d   Thumb Code    38  stmflash.o(i.STMFLASH_Write_NoCheck)
    SVC_Handler                              0x08002773   Thumb Code     2  stm32f10x_it.o(i.SVC_Handler)
    SysTick_CLKSourceConfig                  0x0800285d   Thumb Code    40  misc.o(i.SysTick_CLKSourceConfig)
    SysTick_Handler                          0x08002885   Thumb Code     2  stm32f10x_it.o(i.SysTick_Handler)
    SystemInit                               0x08002889   Thumb Code    78  system_stm32f10x.o(i.SystemInit)
    TIM3_IRQHandler                          0x080028e9   Thumb Code   402  main.o(i.TIM3_IRQHandler)
    TIM3_Int_Init                            0x08002b09   Thumb Code    90  main.o(i.TIM3_Int_Init)
    TIM_ClearITPendingBit                    0x08002b69   Thumb Code     6  stm32f10x_tim.o(i.TIM_ClearITPendingBit)
    TIM_Cmd                                  0x08002b6f   Thumb Code    24  stm32f10x_tim.o(i.TIM_Cmd)
    TIM_GetITStatus                          0x08002b87   Thumb Code    34  stm32f10x_tim.o(i.TIM_GetITStatus)
    TIM_ITConfig                             0x08002ba9   Thumb Code    18  stm32f10x_tim.o(i.TIM_ITConfig)
    TIM_TimeBaseInit                         0x08002bbd   Thumb Code   122  stm32f10x_tim.o(i.TIM_TimeBaseInit)
    TX0                                      0x08002c61   Thumb Code    26  ws2811.o(i.TX0)
    TX1                                      0x08002c85   Thumb Code    26  ws2811.o(i.TX1)
    USART1_IRQHandler                        0x08002ca9   Thumb Code   122  usart.o(i.USART1_IRQHandler)
    USART2_IRQHandler                        0x08002d31   Thumb Code   164  usart2.o(i.USART2_IRQHandler)
    USART3_IRQHandler                        0x08002ded   Thumb Code   180  usart3.o(i.USART3_IRQHandler)
    USART_ClearFlag                          0x08002ec1   Thumb Code    18  stm32f10x_usart.o(i.USART_ClearFlag)
    USART_Cmd                                0x08002ed3   Thumb Code    24  stm32f10x_usart.o(i.USART_Cmd)
    USART_DeInit                             0x08002eed   Thumb Code   134  stm32f10x_usart.o(i.USART_DeInit)
    USART_GetFlagStatus                      0x08002f89   Thumb Code    26  stm32f10x_usart.o(i.USART_GetFlagStatus)
    USART_GetITStatus                        0x08002fa3   Thumb Code    84  stm32f10x_usart.o(i.USART_GetITStatus)
    USART_ITConfig                           0x08002ff7   Thumb Code    74  stm32f10x_usart.o(i.USART_ITConfig)
    USART_Init                               0x08003041   Thumb Code   210  stm32f10x_usart.o(i.USART_Init)
    USART_ReceiveData                        0x08003119   Thumb Code    10  stm32f10x_usart.o(i.USART_ReceiveData)
    USART_SendData                           0x08003123   Thumb Code     8  stm32f10x_usart.o(i.USART_SendData)
    UsageFault_Handler                       0x0800312b   Thumb Code     4  stm32f10x_it.o(i.UsageFault_Handler)
    WS_Init                                  0x08003131   Thumb Code    38  ws2811.o(i.WS_Init)
    WS_Reset                                 0x0800315d   Thumb Code    30  ws2811.o(i.WS_Reset)
    WS_Set1                                  0x08003185   Thumb Code    40  ws2811.o(i.WS_Set1)
    WS_SetAll                                0x080031ad   Thumb Code    30  ws2811.o(i.WS_SetAll)
    __ARM_fpclassify                         0x080031cb   Thumb Code    40  fpclassify.o(i.__ARM_fpclassify)
    _is_digit                                0x080031f3   Thumb Code    14  __printf_wp.o(i._is_digit)
    _sys_exit                                0x08003201   Thumb Code     6  usart2.o(i._sys_exit)
    change                                   0x08003209   Thumb Code    50  ws2811.o(i.change)
    delay05us                                0x08003241   Thumb Code    14  ws2811.o(i.delay05us)
    delay2us                                 0x0800324f   Thumb Code    14  ws2811.o(i.delay2us)
    delay_init                               0x0800325d   Thumb Code    50  delay.o(i.delay_init)
    delay_ms                                 0x080032a1   Thumb Code    72  delay.o(i.delay_ms)
    delay_us                                 0x080032ed   Thumb Code    72  delay.o(i.delay_us)
    fputc                                    0x08003339   Thumb Code    24  usart2.o(i.fputc)
    main                                     0x08003355   Thumb Code   222  main.o(i.main)
    uart_init                                0x08003465   Thumb Code   152  usart.o(i.uart_init)
    uart_init2                               0x08003505   Thumb Code   154  usart2.o(i.uart_init2)
    usart3_init                              0x080035a9   Thumb Code   184  usart3.o(i.usart3_init)
    _get_lc_numeric                          0x0800366d   Thumb Code    44  lc_numeric_c.o(locale$$code)
    _get_lc_ctype                            0x08003699   Thumb Code    44  lc_ctype_c.o(locale$$code)
    __aeabi_d2f                              0x080036c5   Thumb Code     0  d2f.o(x$fpl$d2f)
    _d2f                                     0x080036c5   Thumb Code    98  d2f.o(x$fpl$d2f)
    __aeabi_ddiv                             0x08003729   Thumb Code     0  ddiv.o(x$fpl$ddiv)
    _ddiv                                    0x08003729   Thumb Code   552  ddiv.o(x$fpl$ddiv)
    __aeabi_d2iz                             0x080039d9   Thumb Code     0  dfix.o(x$fpl$dfix)
    _dfix                                    0x080039d9   Thumb Code    94  dfix.o(x$fpl$dfix)
    __aeabi_d2uiz                            0x08003a39   Thumb Code     0  dfixu.o(x$fpl$dfixu)
    _dfixu                                   0x08003a39   Thumb Code    90  dfixu.o(x$fpl$dfixu)
    __aeabi_dmul                             0x08003a95   Thumb Code     0  dmul.o(x$fpl$dmul)
    _dmul                                    0x08003a95   Thumb Code   332  dmul.o(x$fpl$dmul)
    __fpl_dnaninf                            0x08003be9   Thumb Code   156  dnaninf.o(x$fpl$dnaninf)
    __fpl_dretinf                            0x08003c85   Thumb Code    12  dretinf.o(x$fpl$dretinf)
    __aeabi_f2d                              0x08003c91   Thumb Code     0  f2d.o(x$fpl$f2d)
    _f2d                                     0x08003c91   Thumb Code    86  f2d.o(x$fpl$f2d)
    __aeabi_fadd                             0x08003ce9   Thumb Code     0  faddsub_clz.o(x$fpl$fadd)
    _fadd                                    0x08003ce9   Thumb Code   196  faddsub_clz.o(x$fpl$fadd)
    __aeabi_f2uiz                            0x08003dad   Thumb Code     0  ffixu.o(x$fpl$ffixu)
    _ffixu                                   0x08003dad   Thumb Code    62  ffixu.o(x$fpl$ffixu)
    __aeabi_i2f                              0x08003ded   Thumb Code     0  fflt_clz.o(x$fpl$fflt)
    _fflt                                    0x08003ded   Thumb Code    48  fflt_clz.o(x$fpl$fflt)
    __aeabi_ui2f                             0x08003e1d   Thumb Code     0  fflt_clz.o(x$fpl$ffltu)
    _ffltu                                   0x08003e1d   Thumb Code    38  fflt_clz.o(x$fpl$ffltu)
    __aeabi_fmul                             0x08003e45   Thumb Code     0  fmul.o(x$fpl$fmul)
    _fmul                                    0x08003e45   Thumb Code   258  fmul.o(x$fpl$fmul)
    __fpl_fnaninf                            0x08003f47   Thumb Code   140  fnaninf.o(x$fpl$fnaninf)
    __fpl_fretinf                            0x08003fd3   Thumb Code    10  fretinf.o(x$fpl$fretinf)
    __aeabi_fsub                             0x08003fdd   Thumb Code     0  faddsub_clz.o(x$fpl$fsub)
    _fsub                                    0x08003fdd   Thumb Code   234  faddsub_clz.o(x$fpl$fsub)
    _printf_fp_dec                           0x080040c7   Thumb Code     4  printf1.o(x$fpl$printf1)
    __I$use$fp                               0x080040ca   Number         0  usenofp.o(x$fpl$usenofp)
    Region$$Table$$Base                      0x080041f8   Number         0  anon$$obj.o(Region$$Table)
    Region$$Table$$Limit                     0x08004218   Number         0  anon$$obj.o(Region$$Table)
    __ctype                                  0x08004241   Data           0  lc_ctype_c.o(locale$$data)
    flag_kg                                  0x20000000   Data           1  main.o(.data)
    newcolor                                 0x20000004   Data           4  main.o(.data)
    SystemCoreClock                          0x2000000c   Data           4  system_stm32f10x.o(.data)
    AHBPrescTable                            0x20000010   Data          16  system_stm32f10x.o(.data)
    buf_index                                0x20000020   Data           2  usart3.o(.data)
    rcv_flag                                 0x20000022   Data           1  usart3.o(.data)
    clear                                    0x20000023   Data           1  usart3.o(.data)
    RxCounter                                0x20000024   Data           2  usart3.o(.data)
    writeTemp                                0x20000026   Data           2  usart3.o(.data)
    desired                                  0x20000028   Data           1  usart3.o(.data)
    USART3_RX_STA                            0x2000002a   Data           2  usart3.o(.data)
    WsDat                                    0x2000002c   Data          32  ws2811.o(.data)
    USART_RX_STA                             0x20000050   Data           2  usart.o(.data)
    __stdout                                 0x20000054   Data           4  usart2.o(.data)
    USART_RX_STA2                            0x20000058   Data           2  usart2.o(.data)
    data                                     0x20000070   Data          16  main.o(.bss)
    uploadDateBuf                            0x20000080   Data         256  main.o(.bss)
    desiredDateBuf                           0x20000180   Data         256  main.o(.bss)
    USART3_RX_BUF                            0x20000280   Data        2018  usart3.o(.bss)
    USART3_TX_BUF                            0x20000a62   Data        2048  usart3.o(.bss)
    STMFLASH_BUF                             0x20001262   Data        2048  stmflash.o(.bss)
    USART_RX_BUF                             0x20001a62   Data         200  usart.o(.bss)
    __libspace_start                         0x20001b2c   Data          96  libspace.o(.bss)
    __temporary_stack_top$libspace           0x20001b8c   Data           0  libspace.o(.bss)



==============================================================================

Memory Map of the image

  Image Entry point : 0x08000279

  Load Region LR_1 (Base: 0x08000000, Size: 0x000043b4, Max: 0xffffffff, ABSOLUTE)

    Execution Region ER_RO (Base: 0x08000000, Size: 0x00004344, Max: 0xffffffff, ABSOLUTE)

    Base Addr    Size         Type   Attr      Idx    E Section Name        Object

    0x08000000   0x00000130   Data   RO          899    RESET               startup_stm32f10x_hd.o
    0x08000130   0x00000008   Code   RO         2451  * !!!main             c_w.l(__main.o)
    0x08000138   0x00000034   Code   RO         2799    !!!scatter          c_w.l(__scatter.o)
    0x0800016c   0x0000001a   Code   RO         2801    !!handler_copy      c_w.l(__scatter_copy.o)
    0x08000186   0x00000002   PAD
    0x08000188   0x0000001c   Code   RO         2803    !!handler_zi        c_w.l(__scatter_zi.o)
    0x080001a4   0x00000000   Code   RO         2444    .ARM.Collect$$_printf_percent$$00000000  c_w.l(_printf_percent.o)
    0x080001a4   0x00000006   Code   RO         2555    .ARM.Collect$$_printf_percent$$00000001  c_w.l(_printf_n.o)
    0x080001aa   0x00000006   Code   RO         2557    .ARM.Collect$$_printf_percent$$00000002  c_w.l(_printf_p.o)
    0x080001b0   0x00000006   Code   RO         2561    .ARM.Collect$$_printf_percent$$00000003  c_w.l(_printf_f.o)
    0x080001b6   0x00000006   Code   RO         2562    .ARM.Collect$$_printf_percent$$00000004  c_w.l(_printf_e.o)
    0x080001bc   0x00000006   Code   RO         2563    .ARM.Collect$$_printf_percent$$00000005  c_w.l(_printf_g.o)
    0x080001c2   0x00000006   Code   RO         2564    .ARM.Collect$$_printf_percent$$00000006  c_w.l(_printf_a.o)
    0x080001c8   0x0000000a   Code   RO         2569    .ARM.Collect$$_printf_percent$$00000007  c_w.l(_printf_ll.o)
    0x080001d2   0x00000006   Code   RO         2559    .ARM.Collect$$_printf_percent$$00000008  c_w.l(_printf_i.o)
    0x080001d8   0x00000006   Code   RO         2443    .ARM.Collect$$_printf_percent$$00000009  c_w.l(_printf_d.o)
    0x080001de   0x00000006   Code   RO         2560    .ARM.Collect$$_printf_percent$$0000000A  c_w.l(_printf_u.o)
    0x080001e4   0x00000006   Code   RO         2558    .ARM.Collect$$_printf_percent$$0000000B  c_w.l(_printf_o.o)
    0x080001ea   0x00000006   Code   RO         2556    .ARM.Collect$$_printf_percent$$0000000C  c_w.l(_printf_x.o)
    0x080001f0   0x00000006   Code   RO         2566    .ARM.Collect$$_printf_percent$$0000000D  c_w.l(_printf_lli.o)
    0x080001f6   0x00000006   Code   RO         2567    .ARM.Collect$$_printf_percent$$0000000E  c_w.l(_printf_lld.o)
    0x080001fc   0x00000006   Code   RO         2568    .ARM.Collect$$_printf_percent$$0000000F  c_w.l(_printf_llu.o)
    0x08000202   0x00000006   Code   RO         2573    .ARM.Collect$$_printf_percent$$00000010  c_w.l(_printf_llo.o)
    0x08000208   0x00000006   Code   RO         2574    .ARM.Collect$$_printf_percent$$00000011  c_w.l(_printf_llx.o)
    0x0800020e   0x0000000a   Code   RO         2570    .ARM.Collect$$_printf_percent$$00000012  c_w.l(_printf_l.o)
    0x08000218   0x00000006   Code   RO         2554    .ARM.Collect$$_printf_percent$$00000013  c_w.l(_printf_c.o)
    0x0800021e   0x00000006   Code   RO         2442    .ARM.Collect$$_printf_percent$$00000014  c_w.l(_printf_s.o)
    0x08000224   0x00000006   Code   RO         2571    .ARM.Collect$$_printf_percent$$00000015  c_w.l(_printf_lc.o)
    0x0800022a   0x00000006   Code   RO         2572    .ARM.Collect$$_printf_percent$$00000016  c_w.l(_printf_ls.o)
    0x08000230   0x00000004   Code   RO         2565    .ARM.Collect$$_printf_percent$$00000017  c_w.l(_printf_percent_end.o)
    0x08000234   0x00000002   Code   RO         2665    .ARM.Collect$$libinit$$00000000  c_w.l(libinit.o)
    0x08000236   0x00000000   Code   RO         2681    .ARM.Collect$$libinit$$00000002  c_w.l(libinit2.o)
    0x08000236   0x00000000   Code   RO         2683    .ARM.Collect$$libinit$$00000004  c_w.l(libinit2.o)
    0x08000236   0x00000000   Code   RO         2686    .ARM.Collect$$libinit$$0000000A  c_w.l(libinit2.o)
    0x08000236   0x00000000   Code   RO         2688    .ARM.Collect$$libinit$$0000000C  c_w.l(libinit2.o)
    0x08000236   0x00000000   Code   RO         2690    .ARM.Collect$$libinit$$0000000E  c_w.l(libinit2.o)
    0x08000236   0x00000006   Code   RO         2691    .ARM.Collect$$libinit$$0000000F  c_w.l(libinit2.o)
    0x0800023c   0x00000000   Code   RO         2693    .ARM.Collect$$libinit$$00000011  c_w.l(libinit2.o)
    0x0800023c   0x0000000c   Code   RO         2694    .ARM.Collect$$libinit$$00000012  c_w.l(libinit2.o)
    0x08000248   0x00000000   Code   RO         2695    .ARM.Collect$$libinit$$00000013  c_w.l(libinit2.o)
    0x08000248   0x00000000   Code   RO         2697    .ARM.Collect$$libinit$$00000015  c_w.l(libinit2.o)
    0x08000248   0x0000000a   Code   RO         2698    .ARM.Collect$$libinit$$00000016  c_w.l(libinit2.o)
    0x08000252   0x00000000   Code   RO         2699    .ARM.Collect$$libinit$$00000017  c_w.l(libinit2.o)
    0x08000252   0x00000000   Code   RO         2701    .ARM.Collect$$libinit$$00000019  c_w.l(libinit2.o)
    0x08000252   0x00000000   Code   RO         2703    .ARM.Collect$$libinit$$0000001B  c_w.l(libinit2.o)
    0x08000252   0x00000000   Code   RO         2705    .ARM.Collect$$libinit$$0000001D  c_w.l(libinit2.o)
    0x08000252   0x00000000   Code   RO         2707    .ARM.Collect$$libinit$$0000001F  c_w.l(libinit2.o)
    0x08000252   0x00000000   Code   RO         2709    .ARM.Collect$$libinit$$00000021  c_w.l(libinit2.o)
    0x08000252   0x00000000   Code   RO         2711    .ARM.Collect$$libinit$$00000023  c_w.l(libinit2.o)
    0x08000252   0x00000000   Code   RO         2713    .ARM.Collect$$libinit$$00000025  c_w.l(libinit2.o)
    0x08000252   0x00000000   Code   RO         2717    .ARM.Collect$$libinit$$0000002C  c_w.l(libinit2.o)
    0x08000252   0x00000000   Code   RO         2719    .ARM.Collect$$libinit$$0000002E  c_w.l(libinit2.o)
    0x08000252   0x00000000   Code   RO         2721    .ARM.Collect$$libinit$$00000030  c_w.l(libinit2.o)
    0x08000252   0x00000000   Code   RO         2723    .ARM.Collect$$libinit$$00000032  c_w.l(libinit2.o)
    0x08000252   0x00000002   Code   RO         2724    .ARM.Collect$$libinit$$00000033  c_w.l(libinit2.o)
    0x08000254   0x00000002   Code   RO         2742    .ARM.Collect$$libshutdown$$00000000  c_w.l(libshutdown.o)
    0x08000256   0x00000000   Code   RO         2753    .ARM.Collect$$libshutdown$$00000003  c_w.l(libshutdown2.o)
    0x08000256   0x00000000   Code   RO         2756    .ARM.Collect$$libshutdown$$00000006  c_w.l(libshutdown2.o)
    0x08000256   0x00000000   Code   RO         2759    .ARM.Collect$$libshutdown$$00000009  c_w.l(libshutdown2.o)
    0x08000256   0x00000000   Code   RO         2761    .ARM.Collect$$libshutdown$$0000000B  c_w.l(libshutdown2.o)
    0x08000256   0x00000000   Code   RO         2764    .ARM.Collect$$libshutdown$$0000000E  c_w.l(libshutdown2.o)
    0x08000256   0x00000002   Code   RO         2765    .ARM.Collect$$libshutdown$$0000000F  c_w.l(libshutdown2.o)
    0x08000258   0x00000000   Code   RO         2505    .ARM.Collect$$rtentry$$00000000  c_w.l(__rtentry.o)
    0x08000258   0x00000000   Code   RO         2591    .ARM.Collect$$rtentry$$00000002  c_w.l(__rtentry2.o)
    0x08000258   0x00000006   Code   RO         2603    .ARM.Collect$$rtentry$$00000004  c_w.l(__rtentry4.o)
    0x0800025e   0x00000000   Code   RO         2593    .ARM.Collect$$rtentry$$00000009  c_w.l(__rtentry2.o)
    0x0800025e   0x00000004   Code   RO         2594    .ARM.Collect$$rtentry$$0000000A  c_w.l(__rtentry2.o)
    0x08000262   0x00000000   Code   RO         2596    .ARM.Collect$$rtentry$$0000000C  c_w.l(__rtentry2.o)
    0x08000262   0x00000008   Code   RO         2597    .ARM.Collect$$rtentry$$0000000D  c_w.l(__rtentry2.o)
    0x0800026a   0x00000002   Code   RO         2673    .ARM.Collect$$rtexit$$00000000  c_w.l(rtexit.o)
    0x0800026c   0x00000000   Code   RO         2726    .ARM.Collect$$rtexit$$00000002  c_w.l(rtexit2.o)
    0x0800026c   0x00000004   Code   RO         2727    .ARM.Collect$$rtexit$$00000003  c_w.l(rtexit2.o)
    0x08000270   0x00000006   Code   RO         2728    .ARM.Collect$$rtexit$$00000004  c_w.l(rtexit2.o)
    0x08000276   0x00000002   PAD
    0x08000278   0x00000040   Code   RO          900  * .text               startup_stm32f10x_hd.o
    0x080002b8   0x00000002   Code   RO         2404    .text               c_w.l(use_no_semi_2.o)
    0x080002ba   0x00000002   PAD
    0x080002bc   0x00000018   Code   RO         2406    .text               c_w.l(c89printf.o)
    0x080002d4   0x00000018   Code   RO         2408    .text               c_w.l(__2printf.o)
    0x080002ec   0x0000002c   Code   RO         2410    .text               c_w.l(__2sprintf.o)
    0x08000318   0x00000052   Code   RO         2418    .text               c_w.l(_printf_str.o)
    0x0800036a   0x00000002   PAD
    0x0800036c   0x00000078   Code   RO         2420    .text               c_w.l(_printf_dec.o)
    0x080003e4   0x00000188   Code   RO         2439    .text               c_w.l(__printf_flags_ss_wp.o)
    0x0800056c   0x0000008a   Code   RO         2445    .text               c_w.l(rt_memcpy_v6.o)
    0x080005f6   0x00000044   Code   RO         2447    .text               c_w.l(rt_memclr.o)
    0x0800063a   0x00000006   Code   RO         2449    .text               c_w.l(heapauxi.o)
    0x08000640   0x00000002   Code   RO         2503    .text               c_w.l(use_no_semi.o)
    0x08000642   0x0000004e   Code   RO         2506    .text               c_w.l(_printf_pad.o)
    0x08000690   0x00000024   Code   RO         2508    .text               c_w.l(_printf_truncate.o)
    0x080006b4   0x000000b2   Code   RO         2510    .text               c_w.l(_printf_intcommon.o)
    0x08000766   0x00000028   Code   RO         2512    .text               c_w.l(_printf_charcount.o)
    0x0800078e   0x00000002   PAD
    0x08000790   0x00000030   Code   RO         2514    .text               c_w.l(_printf_char_common.o)
    0x080007c0   0x0000000a   Code   RO         2516    .text               c_w.l(_sputc.o)
    0x080007ca   0x0000002c   Code   RO         2518    .text               c_w.l(_printf_char.o)
    0x080007f6   0x00000002   PAD
    0x080007f8   0x00000024   Code   RO         2520    .text               c_w.l(_printf_char_file.o)
    0x0800081c   0x000000bc   Code   RO         2522    .text               c_w.l(_printf_wctomb.o)
    0x080008d8   0x0000007c   Code   RO         2525    .text               c_w.l(_printf_longlong_dec.o)
    0x08000954   0x00000070   Code   RO         2531    .text               c_w.l(_printf_oct_int_ll.o)
    0x080009c4   0x00000094   Code   RO         2551    .text               c_w.l(_printf_hex_int_ll_ptr.o)
    0x08000a58   0x00000064   Code   RO         2575    .text               c_w.l(rt_memcpy_w.o)
    0x08000abc   0x0000004e   Code   RO         2577    .text               c_w.l(rt_memclr_w.o)
    0x08000b0a   0x0000008a   Code   RO         2605    .text               c_w.l(lludiv10.o)
    0x08000b94   0x0000041a   Code   RO         2607    .text               c_w.l(_printf_fp_dec.o)
    0x08000fae   0x0000002c   Code   RO         2611    .text               c_w.l(_printf_wchar.o)
    0x08000fda   0x00000008   Code   RO         2613    .text               c_w.l(ferror.o)
    0x08000fe2   0x00000040   Code   RO         2617    .text               c_w.l(_wcrtomb.o)
    0x08001022   0x0000004a   Code   RO         2619    .text               c_w.l(sys_stackheap_outer.o)
    0x0800106c   0x00000010   Code   RO         2621    .text               c_w.l(rt_ctype_table.o)
    0x0800107c   0x00000008   Code   RO         2626    .text               c_w.l(rt_locale_intlibspace.o)
    0x08001084   0x00000080   Code   RO         2628    .text               c_w.l(_printf_fp_infnan.o)
    0x08001104   0x000000dc   Code   RO         2630    .text               c_w.l(bigflt0.o)
    0x080011e0   0x0000000c   Code   RO         2658    .text               c_w.l(exit.o)
    0x080011ec   0x00000008   Code   RO         2670    .text               c_w.l(libspace.o)
    0x080011f4   0x00000080   Code   RO         2678    .text               c_w.l(strcmpv7m.o)
    0x08001274   0x0000003e   Code   RO         2633    CL$$btod_d2e        c_w.l(btod.o)
    0x080012b2   0x00000046   Code   RO         2635    CL$$btod_d2e_denorm_low  c_w.l(btod.o)
    0x080012f8   0x00000060   Code   RO         2634    CL$$btod_d2e_norm_op1  c_w.l(btod.o)
    0x08001358   0x00000338   Code   RO         2643    CL$$btod_div_common  c_w.l(btod.o)
    0x08001690   0x000000c6   Code   RO         2640    CL$$btod_e2e        c_w.l(btod.o)
    0x08001756   0x00000028   Code   RO         2637    CL$$btod_ediv       c_w.l(btod.o)
    0x0800177e   0x00000028   Code   RO         2636    CL$$btod_emul       c_w.l(btod.o)
    0x080017a6   0x00000244   Code   RO         2642    CL$$btod_mult_common  c_w.l(btod.o)
    0x080019ea   0x00000016   Code   RO         1464    i.ADC_Cmd           stm32f10x_adc.o
    0x08001a00   0x0000005c   Code   RO         1466    i.ADC_DeInit        stm32f10x_adc.o
    0x08001a5c   0x00000014   Code   RO         1472    i.ADC_GetCalibrationStatus  stm32f10x_adc.o
    0x08001a70   0x00000008   Code   RO         1473    i.ADC_GetConversionValue  stm32f10x_adc.o
    0x08001a78   0x00000012   Code   RO         1475    i.ADC_GetFlagStatus  stm32f10x_adc.o
    0x08001a8a   0x00000014   Code   RO         1478    i.ADC_GetResetCalibrationStatus  stm32f10x_adc.o
    0x08001a9e   0x00000002   PAD
    0x08001aa0   0x00000050   Code   RO         1482    i.ADC_Init          stm32f10x_adc.o
    0x08001af0   0x000000b8   Code   RO         1486    i.ADC_RegularChannelConfig  stm32f10x_adc.o
    0x08001ba8   0x0000000a   Code   RO         1487    i.ADC_ResetCalibration  stm32f10x_adc.o
    0x08001bb2   0x00000016   Code   RO         1489    i.ADC_SoftwareStartConvCmd  stm32f10x_adc.o
    0x08001bc8   0x0000000a   Code   RO         1491    i.ADC_StartCalibration  stm32f10x_adc.o
    0x08001bd2   0x00000002   PAD
    0x08001bd4   0x0000008c   Code   RO          549    i.Adc_Init          adc.o
    0x08001c60   0x00000004   Code   RO          173    i.BusFault_Handler  stm32f10x_it.o
    0x08001c64   0x00000064   Code   RO          308    i.DHT11_Check       dht11.o
    0x08001cc8   0x0000003c   Code   RO          309    i.DHT11_Init        dht11.o
    0x08001d04   0x0000004c   Code   RO          310    i.DHT11_Read_Bit    dht11.o
    0x08001d50   0x0000001e   Code   RO          311    i.DHT11_Read_Byte   dht11.o
    0x08001d6e   0x00000040   Code   RO          312    i.DHT11_Read_Data_2  dht11.o
    0x08001dae   0x00000002   PAD
    0x08001db0   0x00000040   Code   RO          314    i.DHT11_Rst         dht11.o
    0x08001df0   0x00000064   Code   RO          356    i.DS18B20_Check     ds18b20.o
    0x08001e54   0x0000008c   Code   RO          357    i.DS18B20_Get_Temp  ds18b20.o
    0x08001ee0   0x0000003c   Code   RO          358    i.DS18B20_Init      ds18b20.o
    0x08001f1c   0x0000006c   Code   RO          359    i.DS18B20_Read_Bit  ds18b20.o
    0x08001f88   0x00000022   Code   RO          360    i.DS18B20_Read_Byte  ds18b20.o
    0x08001faa   0x00000002   PAD
    0x08001fac   0x00000044   Code   RO          361    i.DS18B20_Rst       ds18b20.o
    0x08001ff0   0x00000018   Code   RO          362    i.DS18B20_Start     ds18b20.o
    0x08002008   0x00000074   Code   RO          363    i.DS18B20_Write_Byte  ds18b20.o
    0x0800207c   0x00000002   Code   RO          174    i.DebugMon_Handler  stm32f10x_it.o
    0x0800207e   0x00000002   PAD
    0x08002080   0x0000004c   Code   RO         1685    i.FLASH_ErasePage   stm32f10x_flash.o
    0x080020cc   0x00000034   Code   RO         1686    i.FLASH_GetBank1Status  stm32f10x_flash.o
    0x08002100   0x00000014   Code   RO         1695    i.FLASH_Lock        stm32f10x_flash.o
    0x08002114   0x00000040   Code   RO         1698    i.FLASH_ProgramHalfWord  stm32f10x_flash.o
    0x08002154   0x00000018   Code   RO         1703    i.FLASH_Unlock      stm32f10x_flash.o
    0x0800216c   0x00000026   Code   RO         1707    i.FLASH_WaitForLastOperation  stm32f10x_flash.o
    0x08002192   0x00000116   Code   RO          946    i.GPIO_Init         stm32f10x_gpio.o
    0x080022a8   0x00000090   Code   RO          948    i.GPIO_PinRemapConfig  stm32f10x_gpio.o
    0x08002338   0x00000004   Code   RO          954    i.GPIO_SetBits      stm32f10x_gpio.o
    0x0800233c   0x00000034   Code   RO          550    i.Get_Adc           adc.o
    0x08002370   0x0000002e   Code   RO          551    i.Get_Adc_Average   adc.o
    0x0800239e   0x00000004   Code   RO          175    i.HardFault_Handler  stm32f10x_it.o
    0x080023a2   0x00000002   PAD
    0x080023a4   0x0000009c   Code   RO          296    i.LED_Init          led.o
    0x08002440   0x00000004   Code   RO          176    i.MemManage_Handler  stm32f10x_it.o
    0x08002444   0x00000002   Code   RO          177    i.NMI_Handler       stm32f10x_it.o
    0x08002446   0x00000002   PAD
    0x08002448   0x00000070   Code   RO          904    i.NVIC_Init         misc.o
    0x080024b8   0x00000014   Code   RO          905    i.NVIC_PriorityGroupConfig  misc.o
    0x080024cc   0x00000002   Code   RO          178    i.PendSV_Handler    stm32f10x_it.o
    0x080024ce   0x00000002   PAD
    0x080024d0   0x00000018   Code   RO         1078    i.RCC_ADCCLKConfig  stm32f10x_rcc.o
    0x080024e8   0x00000020   Code   RO         1080    i.RCC_APB1PeriphClockCmd  stm32f10x_rcc.o
    0x08002508   0x00000020   Code   RO         1081    i.RCC_APB1PeriphResetCmd  stm32f10x_rcc.o
    0x08002528   0x00000020   Code   RO         1082    i.RCC_APB2PeriphClockCmd  stm32f10x_rcc.o
    0x08002548   0x00000020   Code   RO         1083    i.RCC_APB2PeriphResetCmd  stm32f10x_rcc.o
    0x08002568   0x000000d4   Code   RO         1090    i.RCC_GetClocksFreq  stm32f10x_rcc.o
    0x0800263c   0x00000022   Code   RO          681    i.STMFLASH_Read     stmflash.o
    0x0800265e   0x00000006   Code   RO          682    i.STMFLASH_ReadHalfWord  stmflash.o
    0x08002664   0x000000e8   Code   RO          683    i.STMFLASH_Write    stmflash.o
    0x0800274c   0x00000026   Code   RO          684    i.STMFLASH_Write_NoCheck  stmflash.o
    0x08002772   0x00000002   Code   RO          179    i.SVC_Handler       stm32f10x_it.o
    0x08002774   0x00000008   Code   RO          262    i.SetSysClock       system_stm32f10x.o
    0x0800277c   0x000000e0   Code   RO          263    i.SetSysClockTo72   system_stm32f10x.o
    0x0800285c   0x00000028   Code   RO          908    i.SysTick_CLKSourceConfig  misc.o
    0x08002884   0x00000002   Code   RO          180    i.SysTick_Handler   stm32f10x_it.o
    0x08002886   0x00000002   PAD
    0x08002888   0x00000060   Code   RO          265    i.SystemInit        system_stm32f10x.o
    0x080028e8   0x00000220   Code   RO            1    i.TIM3_IRQHandler   main.o
    0x08002b08   0x00000060   Code   RO            2    i.TIM3_Int_Init     main.o
    0x08002b68   0x00000006   Code   RO         1865    i.TIM_ClearITPendingBit  stm32f10x_tim.o
    0x08002b6e   0x00000018   Code   RO         1870    i.TIM_Cmd           stm32f10x_tim.o
    0x08002b86   0x00000022   Code   RO         1891    i.TIM_GetITStatus   stm32f10x_tim.o
    0x08002ba8   0x00000012   Code   RO         1895    i.TIM_ITConfig      stm32f10x_tim.o
    0x08002bba   0x00000002   PAD
    0x08002bbc   0x000000a4   Code   RO         1941    i.TIM_TimeBaseInit  stm32f10x_tim.o
    0x08002c60   0x00000024   Code   RO          447    i.TX0               ws2811.o
    0x08002c84   0x00000024   Code   RO          448    i.TX1               ws2811.o
    0x08002ca8   0x00000088   Code   RO          820    i.USART1_IRQHandler  usart.o
    0x08002d30   0x000000bc   Code   RO          845    i.USART2_IRQHandler  usart2.o
    0x08002dec   0x000000d4   Code   RO          410    i.USART3_IRQHandler  usart3.o
    0x08002ec0   0x00000012   Code   RO         1278    i.USART_ClearFlag   stm32f10x_usart.o
    0x08002ed2   0x00000018   Code   RO         1282    i.USART_Cmd         stm32f10x_usart.o
    0x08002eea   0x00000002   PAD
    0x08002eec   0x0000009c   Code   RO         1284    i.USART_DeInit      stm32f10x_usart.o
    0x08002f88   0x0000001a   Code   RO         1285    i.USART_GetFlagStatus  stm32f10x_usart.o
    0x08002fa2   0x00000054   Code   RO         1286    i.USART_GetITStatus  stm32f10x_usart.o
    0x08002ff6   0x0000004a   Code   RO         1288    i.USART_ITConfig    stm32f10x_usart.o
    0x08003040   0x000000d8   Code   RO         1289    i.USART_Init        stm32f10x_usart.o
    0x08003118   0x0000000a   Code   RO         1296    i.USART_ReceiveData  stm32f10x_usart.o
    0x08003122   0x00000008   Code   RO         1299    i.USART_SendData    stm32f10x_usart.o
    0x0800312a   0x00000004   Code   RO          181    i.UsageFault_Handler  stm32f10x_it.o
    0x0800312e   0x00000002   PAD
    0x08003130   0x0000002c   Code   RO          449    i.WS_Init           ws2811.o
    0x0800315c   0x00000028   Code   RO          450    i.WS_Reset          ws2811.o
    0x08003184   0x00000028   Code   RO          451    i.WS_Set1           ws2811.o
    0x080031ac   0x0000001e   Code   RO          452    i.WS_SetAll         ws2811.o
    0x080031ca   0x00000028   Code   RO         2668    i.__ARM_fpclassify  m_ws.l(fpclassify.o)
    0x080031f2   0x0000000e   Code   RO         2432    i._is_digit         c_w.l(__printf_wp.o)
    0x08003200   0x00000006   Code   RO          846    i._sys_exit         usart2.o
    0x08003206   0x00000002   PAD
    0x08003208   0x00000038   Code   RO          455    i.change            ws2811.o
    0x08003240   0x0000000e   Code   RO          456    i.delay05us         ws2811.o
    0x0800324e   0x0000000e   Code   RO          457    i.delay2us          ws2811.o
    0x0800325c   0x00000044   Code   RO          765    i.delay_init        delay.o
    0x080032a0   0x0000004c   Code   RO          766    i.delay_ms          delay.o
    0x080032ec   0x0000004c   Code   RO          767    i.delay_us          delay.o
    0x08003338   0x0000001c   Code   RO          847    i.fputc             usart2.o
    0x08003354   0x00000110   Code   RO            3    i.main              main.o
    0x08003464   0x000000a0   Code   RO          821    i.uart_init         usart.o
    0x08003504   0x000000a4   Code   RO          848    i.uart_init2        usart2.o
    0x080035a8   0x000000c4   Code   RO          411    i.usart3_init       usart3.o
    0x0800366c   0x0000002c   Code   RO         2656    locale$$code        c_w.l(lc_numeric_c.o)
    0x08003698   0x0000002c   Code   RO         2676    locale$$code        c_w.l(lc_ctype_c.o)
    0x080036c4   0x00000062   Code   RO         2453    x$fpl$d2f           fz_ws.l(d2f.o)
    0x08003726   0x00000002   PAD
    0x08003728   0x000002b0   Code   RO         2456    x$fpl$ddiv          fz_ws.l(ddiv.o)
    0x080039d8   0x0000005e   Code   RO         2459    x$fpl$dfix          fz_ws.l(dfix.o)
    0x08003a36   0x00000002   PAD
    0x08003a38   0x0000005a   Code   RO         2463    x$fpl$dfixu         fz_ws.l(dfixu.o)
    0x08003a92   0x00000002   PAD
    0x08003a94   0x00000154   Code   RO         2473    x$fpl$dmul          fz_ws.l(dmul.o)
    0x08003be8   0x0000009c   Code   RO         2579    x$fpl$dnaninf       fz_ws.l(dnaninf.o)
    0x08003c84   0x0000000c   Code   RO         2581    x$fpl$dretinf       fz_ws.l(dretinf.o)
    0x08003c90   0x00000056   Code   RO         2475    x$fpl$f2d           fz_ws.l(f2d.o)
    0x08003ce6   0x00000002   PAD
    0x08003ce8   0x000000c4   Code   RO         2477    x$fpl$fadd          fz_ws.l(faddsub_clz.o)
    0x08003dac   0x0000003e   Code   RO         2491    x$fpl$ffixu         fz_ws.l(ffixu.o)
    0x08003dea   0x00000002   PAD
    0x08003dec   0x00000030   Code   RO         2496    x$fpl$fflt          fz_ws.l(fflt_clz.o)
    0x08003e1c   0x00000026   Code   RO         2495    x$fpl$ffltu         fz_ws.l(fflt_clz.o)
    0x08003e42   0x00000002   PAD
    0x08003e44   0x00000102   Code   RO         2501    x$fpl$fmul          fz_ws.l(fmul.o)
    0x08003f46   0x0000008c   Code   RO         2583    x$fpl$fnaninf       fz_ws.l(fnaninf.o)
    0x08003fd2   0x0000000a   Code   RO         2585    x$fpl$fretinf       fz_ws.l(fretinf.o)
    0x08003fdc   0x000000ea   Code   RO         2479    x$fpl$fsub          fz_ws.l(faddsub_clz.o)
    0x080040c6   0x00000004   Code   RO         2587    x$fpl$printf1       fz_ws.l(printf1.o)
    0x080040ca   0x00000000   Code   RO         2589    x$fpl$usenofp       fz_ws.l(usenofp.o)
    0x080040ca   0x00000011   Data   RO         2440    .constdata          c_w.l(__printf_flags_ss_wp.o)
    0x080040db   0x00000001   PAD
    0x080040dc   0x00000008   Data   RO         2523    .constdata          c_w.l(_printf_wctomb.o)
    0x080040e4   0x00000028   Data   RO         2552    .constdata          c_w.l(_printf_hex_int_ll_ptr.o)
    0x0800410c   0x00000094   Data   RO         2631    .constdata          c_w.l(bigflt0.o)
    0x080041a0   0x00000056   Data   RO            6    .conststring        main.o
    0x080041f6   0x00000002   PAD
    0x080041f8   0x00000020   Data   RO         2797    Region$$Table       anon$$obj.o
    0x08004218   0x0000001c   Data   RO         2655    locale$$data        c_w.l(lc_numeric_c.o)
    0x08004234   0x00000110   Data   RO         2675    locale$$data        c_w.l(lc_ctype_c.o)


    Execution Region ER_RW (Base: 0x20000000, Size: 0x00000070, Max: 0xffffffff, ABSOLUTE)

    Base Addr    Size         Type   Attr      Idx    E Section Name        Object

    0x20000000   0x0000000c   Data   RW            7    .data               main.o
    0x2000000c   0x00000014   Data   RW          266    .data               system_stm32f10x.o
    0x20000020   0x0000000c   Data   RW          413    .data               usart3.o
    0x2000002c   0x00000020   Data   RW          461    .data               ws2811.o
    0x2000004c   0x00000004   Data   RW          768    .data               delay.o
    0x20000050   0x00000002   Data   RW          823    .data               usart.o
    0x20000052   0x00000002   PAD
    0x20000054   0x00000006   Data   RW          850    .data               usart2.o
    0x2000005a   0x00000014   Data   RW         1110    .data               stm32f10x_rcc.o


    Execution Region ER_ZI (Base: 0x20000070, Size: 0x00002120, Max: 0xffffffff, ABSOLUTE)

    Base Addr    Size         Type   Attr      Idx    E Section Name        Object

    0x20000070   0x00000210   Zero   RW            4    .bss                main.o
    0x20000280   0x00000fe2   Zero   RW          412    .bss                usart3.o
    0x20001262   0x00000800   Zero   RW          686    .bss                stmflash.o
    0x20001a62   0x000000c8   Zero   RW          822    .bss                usart.o
    0x20001b2a   0x00000002   PAD
    0x20001b2c   0x00000060   Zero   RW         2671    .bss                c_w.l(libspace.o)
    0x20001b8c   0x00000004   PAD
    0x20001b90   0x00000200   Zero   RW          898    HEAP                startup_stm32f10x_hd.o
    0x20001d90   0x00000400   Zero   RW          897    STACK               startup_stm32f10x_hd.o


==============================================================================

Image component sizes


      Code (inc. data)   RO Data    RW Data    ZI Data      Debug   Object Name

       238         14          0          0          0       1659   adc.o
       220         26          0          4          0       1587   delay.o
       394         32          0          0          0       3594   dht11.o
       650         58          0          0          0       4440   ds18b20.o
       156         14          0          0          0        511   led.o
       912        198         86         12        528     271744   main.o
       172         22          0          0          0       1949   misc.o
        64         26        304          0       1536        780   startup_stm32f10x_hd.o
       486         24          0          0          0       8186   stm32f10x_adc.o
       274         30          0          0          0       3226   stm32f10x_flash.o
       426          6          0          0          0       3201   stm32f10x_gpio.o
        26          0          0          0          0       3462   stm32f10x_it.o
       364         50          0         20          0       5903   stm32f10x_rcc.o
       246         42          0          0          0       3374   stm32f10x_tim.o
       616         28          0          0          0       6994   stm32f10x_usart.o
       310         10          0          0       2048       3281   stmflash.o
         0          0          0          0          0         32   sys.o
       328         28          0         20          0       1957   system_stm32f10x.o
       296         22          0          2        200       1760   usart.o
       386         38          0          6          0       4155   usart2.o
       408         44          0         12       4066       2463   usart3.o
       310         42          0         32          0       5010   ws2811.o

    ----------------------------------------------------------------------
      7308        754        424        112       8380     339268   Object Totals
         0          0         32          0          0          0   (incl. Generated)
        26          0          2          4          2          0   (incl. Padding)

    ----------------------------------------------------------------------

      Code (inc. data)   RO Data    RW Data    ZI Data      Debug   Library Member Name

        24          4          0          0          0         84   __2printf.o
        44          6          0          0          0         84   __2sprintf.o
         8          0          0          0          0         68   __main.o
       392          4         17          0          0         92   __printf_flags_ss_wp.o
        14          0          0          0          0         68   __printf_wp.o
         0          0          0          0          0          0   __rtentry.o
        12          0          0          0          0          0   __rtentry2.o
         6          0          0          0          0          0   __rtentry4.o
        52          8          0          0          0          0   __scatter.o
        26          0          0          0          0          0   __scatter_copy.o
        28          0          0          0          0          0   __scatter_zi.o
         6          0          0          0          0          0   _printf_a.o
         6          0          0          0          0          0   _printf_c.o
        44          0          0          0          0        108   _printf_char.o
        48          6          0          0          0         96   _printf_char_common.o
        36          4          0          0          0         80   _printf_char_file.o
        40          0          0          0          0         68   _printf_charcount.o
         6          0          0          0          0          0   _printf_d.o
       120         16          0          0          0         92   _printf_dec.o
         6          0          0          0          0          0   _printf_e.o
         6          0          0          0          0          0   _printf_f.o
      1050          0          0          0          0        216   _printf_fp_dec.o
       128         16          0          0          0         84   _printf_fp_infnan.o
         6          0          0          0          0          0   _printf_g.o
       148          4         40          0          0        160   _printf_hex_int_ll_ptr.o
         6          0          0          0          0          0   _printf_i.o
       178          0          0          0          0         88   _printf_intcommon.o
        10          0          0          0          0          0   _printf_l.o
         6          0          0          0          0          0   _printf_lc.o
        10          0          0          0          0          0   _printf_ll.o
         6          0          0          0          0          0   _printf_lld.o
         6          0          0          0          0          0   _printf_lli.o
         6          0          0          0          0          0   _printf_llo.o
         6          0          0          0          0          0   _printf_llu.o
         6          0          0          0          0          0   _printf_llx.o
       124         16          0          0          0         92   _printf_longlong_dec.o
         6          0          0          0          0          0   _printf_ls.o
         6          0          0          0          0          0   _printf_n.o
         6          0          0          0          0          0   _printf_o.o
       112          8          0          0          0        124   _printf_oct_int_ll.o
         6          0          0          0          0          0   _printf_p.o
        78          0          0          0          0        108   _printf_pad.o
         0          0          0          0          0          0   _printf_percent.o
         4          0          0          0          0          0   _printf_percent_end.o
         6          0          0          0          0          0   _printf_s.o
        82          0          0          0          0         80   _printf_str.o
        36          0          0          0          0         84   _printf_truncate.o
         6          0          0          0          0          0   _printf_u.o
        44          0          0          0          0        108   _printf_wchar.o
       188          6          8          0          0         92   _printf_wctomb.o
         6          0          0          0          0          0   _printf_x.o
        10          0          0          0          0         68   _sputc.o
        64          0          0          0          0         92   _wcrtomb.o
       220          4        148          0          0         96   bigflt0.o
      1910        128          0          0          0        672   btod.o
        24          4          0          0          0         84   c89printf.o
        12          0          0          0          0         72   exit.o
         8          0          0          0          0         68   ferror.o
         6          0          0          0          0        152   heapauxi.o
        44         10        272          0          0         76   lc_ctype_c.o
        44         10         28          0          0         76   lc_numeric_c.o
         2          0          0          0          0          0   libinit.o
        30          0          0          0          0          0   libinit2.o
         2          0          0          0          0          0   libshutdown.o
         2          0          0          0          0          0   libshutdown2.o
         8          4          0          0         96         68   libspace.o
       138          0          0          0          0         80   lludiv10.o
        16          4          0          0          0         76   rt_ctype_table.o
         8          4          0          0          0         68   rt_locale_intlibspace.o
        68          0          0          0          0         68   rt_memclr.o
        78          0          0          0          0         80   rt_memclr_w.o
       138          0          0          0          0         68   rt_memcpy_v6.o
       100          0          0          0          0         80   rt_memcpy_w.o
         2          0          0          0          0          0   rtexit.o
        10          0          0          0          0          0   rtexit2.o
       128          0          0          0          0         68   strcmpv7m.o
        74          0          0          0          0         80   sys_stackheap_outer.o
         2          0          0          0          0         68   use_no_semi.o
         2          0          0          0          0         68   use_no_semi_2.o
        98          4          0          0          0         92   d2f.o
       688        140          0          0          0        208   ddiv.o
        94          4          0          0          0         92   dfix.o
        90          4          0          0          0         92   dfixu.o
       340         12          0          0          0        104   dmul.o
       156          4          0          0          0         92   dnaninf.o
        12          0          0          0          0         68   dretinf.o
        86          4          0          0          0         84   f2d.o
       430          8          0          0          0        168   faddsub_clz.o
        62          4          0          0          0         84   ffixu.o
        86          0          0          0          0        136   fflt_clz.o
       258          4          0          0          0         84   fmul.o
       140          4          0          0          0         84   fnaninf.o
        10          0          0          0          0         68   fretinf.o
         4          0          0          0          0         68   printf1.o
         0          0          0          0          0          0   usenofp.o
        40          0          0          0          0         68   fpclassify.o

    ----------------------------------------------------------------------
      8974        458        514          0        100       5996   Library Totals
        24          0          1          0          4          0   (incl. Padding)

    ----------------------------------------------------------------------

      Code (inc. data)   RO Data    RW Data    ZI Data      Debug   Library Name

      6356        266        513          0         96       4404   c_w.l
      2554        192          0          0          0       1524   fz_ws.l
        40          0          0          0          0         68   m_ws.l

    ----------------------------------------------------------------------
      8974        458        514          0        100       5996   Library Totals

    ----------------------------------------------------------------------

==============================================================================


      Code (inc. data)   RO Data    RW Data    ZI Data      Debug   

     16282       1212        938        112       8480     336888   Grand Totals
     16282       1212        938        112       8480     336888   ELF Image Totals
     16282       1212        938        112          0          0   ROM Totals

==============================================================================

    Total RO  Size (Code + RO Data)                17220 (  16.82kB)
    Total RW  Size (RW Data + ZI Data)              8592 (   8.39kB)
    Total ROM Size (Code + RO Data + RW Data)      17332 (  16.93kB)

==============================================================================

